Traceback (most recent call last):
  File "/Library/Developer/CommandLineTools/Library/Frameworks/Python3.framework/Versions/3.9/lib/python3.9/runpy.py", line 197, in _run_module_as_main
    return _run_code(code, main_globals, None,
  File "/Library/Developer/CommandLineTools/Library/Frameworks/Python3.framework/Versions/3.9/lib/python3.9/runpy.py", line 87, in _run_code
    exec(code, run_globals)
  File "/Users/bangcle/Library/Python/3.9/lib/python/site-packages/uvicorn/__main__.py", line 4, in <module>
    uvicorn.main()
  File "/Users/bangcle/Library/Python/3.9/lib/python/site-packages/click/core.py", line 1161, in __call__
    return self.main(*args, **kwargs)
  File "/Users/bangcle/Library/Python/3.9/lib/python/site-packages/click/core.py", line 1082, in main
    rv = self.invoke(ctx)
  File "/Users/bangcle/Library/Python/3.9/lib/python/site-packages/click/core.py", line 1443, in invoke
    return ctx.invoke(self.callback, **ctx.params)
  File "/Users/bangcle/Library/Python/3.9/lib/python/site-packages/click/core.py", line 788, in invoke
    return __callback(*args, **kwargs)
  File "/Users/bangcle/Library/Python/3.9/lib/python/site-packages/uvicorn/main.py", line 423, in main
    run(
  File "/Users/bangcle/Library/Python/3.9/lib/python/site-packages/uvicorn/main.py", line 593, in run
    server.run()
  File "/Users/bangcle/Library/Python/3.9/lib/python/site-packages/uvicorn/server.py", line 67, in run
    return asyncio_run(self.serve(sockets=sockets), loop_factory=self.config.get_loop_factory())
  File "/Users/bangcle/Library/Python/3.9/lib/python/site-packages/uvicorn/_compat.py", line 60, in asyncio_run
    return loop.run_until_complete(main)
  File "/Library/Developer/CommandLineTools/Library/Frameworks/Python3.framework/Versions/3.9/lib/python3.9/asyncio/base_events.py", line 642, in run_until_complete
    return future.result()
  File "/Users/bangcle/Library/Python/3.9/lib/python/site-packages/uvicorn/server.py", line 71, in serve
    await self._serve(sockets)
  File "/Users/bangcle/Library/Python/3.9/lib/python/site-packages/uvicorn/server.py", line 78, in _serve
    config.load()
  File "/Users/bangcle/Library/Python/3.9/lib/python/site-packages/uvicorn/config.py", line 439, in load
    self.loaded_app = import_from_string(self.app)
  File "/Users/bangcle/Library/Python/3.9/lib/python/site-packages/uvicorn/importer.py", line 19, in import_from_string
    module = importlib.import_module(module_str)
  File "/Library/Developer/CommandLineTools/Library/Frameworks/Python3.framework/Versions/3.9/lib/python3.9/importlib/__init__.py", line 127, in import_module
    return _bootstrap._gcd_import(name[level:], package, level)
  File "<frozen importlib._bootstrap>", line 1030, in _gcd_import
  File "<frozen importlib._bootstrap>", line 1007, in _find_and_load
  File "<frozen importlib._bootstrap>", line 986, in _find_and_load_unlocked
  File "<frozen importlib._bootstrap>", line 680, in _load_unlocked
  File "<frozen importlib._bootstrap_external>", line 850, in exec_module
  File "<frozen importlib._bootstrap>", line 228, in _call_with_frames_removed
  File "/Users/bangcle/.openclaw/workspace/L4-proprietary/components/bdms/src/bdms/web/main.py", line 26, in <module>
    def _find_web_common() -> Path | None:
TypeError: unsupported operand type(s) for |: 'type' and 'NoneType'
Traceback (most recent call last):
  File "/Library/Developer/CommandLineTools/Library/Frameworks/Python3.framework/Versions/3.9/lib/python3.9/runpy.py", line 197, in _run_module_as_main
    return _run_code(code, main_globals, None,
  File "/Library/Developer/CommandLineTools/Library/Frameworks/Python3.framework/Versions/3.9/lib/python3.9/runpy.py", line 87, in _run_code
    exec(code, run_globals)
  File "/Users/bangcle/Library/Python/3.9/lib/python/site-packages/uvicorn/__main__.py", line 4, in <module>
    uvicorn.main()
  File "/Users/bangcle/Library/Python/3.9/lib/python/site-packages/click/core.py", line 1161, in __call__
    return self.main(*args, **kwargs)
  File "/Users/bangcle/Library/Python/3.9/lib/python/site-packages/click/core.py", line 1082, in main
    rv = self.invoke(ctx)
  File "/Users/bangcle/Library/Python/3.9/lib/python/site-packages/click/core.py", line 1443, in invoke
    return ctx.invoke(self.callback, **ctx.params)
  File "/Users/bangcle/Library/Python/3.9/lib/python/site-packages/click/core.py", line 788, in invoke
    return __callback(*args, **kwargs)
  File "/Users/bangcle/Library/Python/3.9/lib/python/site-packages/uvicorn/main.py", line 423, in main
    run(
  File "/Users/bangcle/Library/Python/3.9/lib/python/site-packages/uvicorn/main.py", line 593, in run
    server.run()
  File "/Users/bangcle/Library/Python/3.9/lib/python/site-packages/uvicorn/server.py", line 67, in run
    return asyncio_run(self.serve(sockets=sockets), loop_factory=self.config.get_loop_factory())
  File "/Users/bangcle/Library/Python/3.9/lib/python/site-packages/uvicorn/_compat.py", line 60, in asyncio_run
    return loop.run_until_complete(main)
  File "/Library/Developer/CommandLineTools/Library/Frameworks/Python3.framework/Versions/3.9/lib/python3.9/asyncio/base_events.py", line 642, in run_until_complete
    return future.result()
  File "/Users/bangcle/Library/Python/3.9/lib/python/site-packages/uvicorn/server.py", line 71, in serve
    await self._serve(sockets)
  File "/Users/bangcle/Library/Python/3.9/lib/python/site-packages/uvicorn/server.py", line 78, in _serve
    config.load()
  File "/Users/bangcle/Library/Python/3.9/lib/python/site-packages/uvicorn/config.py", line 439, in load
    self.loaded_app = import_from_string(self.app)
  File "/Users/bangcle/Library/Python/3.9/lib/python/site-packages/uvicorn/importer.py", line 19, in import_from_string
    module = importlib.import_module(module_str)
  File "/Library/Developer/CommandLineTools/Library/Frameworks/Python3.framework/Versions/3.9/lib/python3.9/importlib/__init__.py", line 127, in import_module
    return _bootstrap._gcd_import(name[level:], package, level)
  File "<frozen importlib._bootstrap>", line 1030, in _gcd_import
  File "<frozen importlib._bootstrap>", line 1007, in _find_and_load
  File "<frozen importlib._bootstrap>", line 986, in _find_and_load_unlocked
  File "<frozen importlib._bootstrap>", line 680, in _load_unlocked
  File "<frozen importlib._bootstrap_external>", line 850, in exec_module
  File "<frozen importlib._bootstrap>", line 228, in _call_with_frames_removed
  File "/Users/bangcle/.openclaw/workspace/L4-proprietary/components/bdms/src/bdms/web/main.py", line 26, in <module>
    def _find_web_common() -> Path | None:
TypeError: unsupported operand type(s) for |: 'type' and 'NoneType'
Traceback (most recent call last):
  File "/Library/Developer/CommandLineTools/Library/Frameworks/Python3.framework/Versions/3.9/lib/python3.9/runpy.py", line 197, in _run_module_as_main
    return _run_code(code, main_globals, None,
  File "/Library/Developer/CommandLineTools/Library/Frameworks/Python3.framework/Versions/3.9/lib/python3.9/runpy.py", line 87, in _run_code
    exec(code, run_globals)
  File "/Users/bangcle/Library/Python/3.9/lib/python/site-packages/uvicorn/__main__.py", line 4, in <module>
    uvicorn.main()
  File "/Users/bangcle/Library/Python/3.9/lib/python/site-packages/click/core.py", line 1161, in __call__
    return self.main(*args, **kwargs)
  File "/Users/bangcle/Library/Python/3.9/lib/python/site-packages/click/core.py", line 1082, in main
    rv = self.invoke(ctx)
  File "/Users/bangcle/Library/Python/3.9/lib/python/site-packages/click/core.py", line 1443, in invoke
    return ctx.invoke(self.callback, **ctx.params)
  File "/Users/bangcle/Library/Python/3.9/lib/python/site-packages/click/core.py", line 788, in invoke
    return __callback(*args, **kwargs)
  File "/Users/bangcle/Library/Python/3.9/lib/python/site-packages/uvicorn/main.py", line 423, in main
    run(
  File "/Users/bangcle/Library/Python/3.9/lib/python/site-packages/uvicorn/main.py", line 593, in run
    server.run()
  File "/Users/bangcle/Library/Python/3.9/lib/python/site-packages/uvicorn/server.py", line 67, in run
    return asyncio_run(self.serve(sockets=sockets), loop_factory=self.config.get_loop_factory())
  File "/Users/bangcle/Library/Python/3.9/lib/python/site-packages/uvicorn/_compat.py", line 60, in asyncio_run
    return loop.run_until_complete(main)
  File "/Library/Developer/CommandLineTools/Library/Frameworks/Python3.framework/Versions/3.9/lib/python3.9/asyncio/base_events.py", line 642, in run_until_complete
    return future.result()
  File "/Users/bangcle/Library/Python/3.9/lib/python/site-packages/uvicorn/server.py", line 71, in serve
    await self._serve(sockets)
  File "/Users/bangcle/Library/Python/3.9/lib/python/site-packages/uvicorn/server.py", line 78, in _serve
    config.load()
  File "/Users/bangcle/Library/Python/3.9/lib/python/site-packages/uvicorn/config.py", line 439, in load
    self.loaded_app = import_from_string(self.app)
  File "/Users/bangcle/Library/Python/3.9/lib/python/site-packages/uvicorn/importer.py", line 19, in import_from_string
    module = importlib.import_module(module_str)
  File "/Library/Developer/CommandLineTools/Library/Frameworks/Python3.framework/Versions/3.9/lib/python3.9/importlib/__init__.py", line 127, in import_module
    return _bootstrap._gcd_import(name[level:], package, level)
  File "<frozen importlib._bootstrap>", line 1030, in _gcd_import
  File "<frozen importlib._bootstrap>", line 1007, in _find_and_load
  File "<frozen importlib._bootstrap>", line 986, in _find_and_load_unlocked
  File "<frozen importlib._bootstrap>", line 680, in _load_unlocked
  File "<frozen importlib._bootstrap_external>", line 850, in exec_module
  File "<frozen importlib._bootstrap>", line 228, in _call_with_frames_removed
  File "/Users/bangcle/.openclaw/workspace/L4-proprietary/components/bdms/src/bdms/web/main.py", line 26, in <module>
    def _find_web_common() -> Path | None:
TypeError: unsupported operand type(s) for |: 'type' and 'NoneType'
Traceback (most recent call last):
  File "/Library/Developer/CommandLineTools/Library/Frameworks/Python3.framework/Versions/3.9/lib/python3.9/runpy.py", line 197, in _run_module_as_main
    return _run_code(code, main_globals, None,
  File "/Library/Developer/CommandLineTools/Library/Frameworks/Python3.framework/Versions/3.9/lib/python3.9/runpy.py", line 87, in _run_code
    exec(code, run_globals)
  File "/Users/bangcle/Library/Python/3.9/lib/python/site-packages/uvicorn/__main__.py", line 4, in <module>
    uvicorn.main()
  File "/Users/bangcle/Library/Python/3.9/lib/python/site-packages/click/core.py", line 1161, in __call__
    return self.main(*args, **kwargs)
  File "/Users/bangcle/Library/Python/3.9/lib/python/site-packages/click/core.py", line 1082, in main
    rv = self.invoke(ctx)
  File "/Users/bangcle/Library/Python/3.9/lib/python/site-packages/click/core.py", line 1443, in invoke
    return ctx.invoke(self.callback, **ctx.params)
  File "/Users/bangcle/Library/Python/3.9/lib/python/site-packages/click/core.py", line 788, in invoke
    return __callback(*args, **kwargs)
  File "/Users/bangcle/Library/Python/3.9/lib/python/site-packages/uvicorn/main.py", line 423, in main
    run(
  File "/Users/bangcle/Library/Python/3.9/lib/python/site-packages/uvicorn/main.py", line 593, in run
    server.run()
  File "/Users/bangcle/Library/Python/3.9/lib/python/site-packages/uvicorn/server.py", line 67, in run
    return asyncio_run(self.serve(sockets=sockets), loop_factory=self.config.get_loop_factory())
  File "/Users/bangcle/Library/Python/3.9/lib/python/site-packages/uvicorn/_compat.py", line 60, in asyncio_run
    return loop.run_until_complete(main)
  File "/Library/Developer/CommandLineTools/Library/Frameworks/Python3.framework/Versions/3.9/lib/python3.9/asyncio/base_events.py", line 642, in run_until_complete
    return future.result()
  File "/Users/bangcle/Library/Python/3.9/lib/python/site-packages/uvicorn/server.py", line 71, in serve
    await self._serve(sockets)
  File "/Users/bangcle/Library/Python/3.9/lib/python/site-packages/uvicorn/server.py", line 78, in _serve
    config.load()
  File "/Users/bangcle/Library/Python/3.9/lib/python/site-packages/uvicorn/config.py", line 439, in load
    self.loaded_app = import_from_string(self.app)
  File "/Users/bangcle/Library/Python/3.9/lib/python/site-packages/uvicorn/importer.py", line 19, in import_from_string
    module = importlib.import_module(module_str)
  File "/Library/Developer/CommandLineTools/Library/Frameworks/Python3.framework/Versions/3.9/lib/python3.9/importlib/__init__.py", line 127, in import_module
    return _bootstrap._gcd_import(name[level:], package, level)
  File "<frozen importlib._bootstrap>", line 1030, in _gcd_import
  File "<frozen importlib._bootstrap>", line 1007, in _find_and_load
  File "<frozen importlib._bootstrap>", line 986, in _find_and_load_unlocked
  File "<frozen importlib._bootstrap>", line 680, in _load_unlocked
  File "<frozen importlib._bootstrap_external>", line 850, in exec_module
  File "<frozen importlib._bootstrap>", line 228, in _call_with_frames_removed
  File "/Users/bangcle/.openclaw/workspace/L4-proprietary/components/bdms/src/bdms/web/main.py", line 26, in <module>
    def _find_web_common() -> Path | None:
TypeError: unsupported operand type(s) for |: 'type' and 'NoneType'
Traceback (most recent call last):
  File "/Library/Developer/CommandLineTools/Library/Frameworks/Python3.framework/Versions/3.9/lib/python3.9/runpy.py", line 197, in _run_module_as_main
    return _run_code(code, main_globals, None,
  File "/Library/Developer/CommandLineTools/Library/Frameworks/Python3.framework/Versions/3.9/lib/python3.9/runpy.py", line 87, in _run_code
    exec(code, run_globals)
  File "/Users/bangcle/Library/Python/3.9/lib/python/site-packages/uvicorn/__main__.py", line 4, in <module>
    uvicorn.main()
  File "/Users/bangcle/Library/Python/3.9/lib/python/site-packages/click/core.py", line 1161, in __call__
    return self.main(*args, **kwargs)
  File "/Users/bangcle/Library/Python/3.9/lib/python/site-packages/click/core.py", line 1082, in main
    rv = self.invoke(ctx)
  File "/Users/bangcle/Library/Python/3.9/lib/python/site-packages/click/core.py", line 1443, in invoke
    return ctx.invoke(self.callback, **ctx.params)
  File "/Users/bangcle/Library/Python/3.9/lib/python/site-packages/click/core.py", line 788, in invoke
    return __callback(*args, **kwargs)
  File "/Users/bangcle/Library/Python/3.9/lib/python/site-packages/uvicorn/main.py", line 423, in main
    run(
  File "/Users/bangcle/Library/Python/3.9/lib/python/site-packages/uvicorn/main.py", line 593, in run
    server.run()
  File "/Users/bangcle/Library/Python/3.9/lib/python/site-packages/uvicorn/server.py", line 67, in run
    return asyncio_run(self.serve(sockets=sockets), loop_factory=self.config.get_loop_factory())
  File "/Users/bangcle/Library/Python/3.9/lib/python/site-packages/uvicorn/_compat.py", line 60, in asyncio_run
    return loop.run_until_complete(main)
  File "/Library/Developer/CommandLineTools/Library/Frameworks/Python3.framework/Versions/3.9/lib/python3.9/asyncio/base_events.py", line 642, in run_until_complete
    return future.result()
  File "/Users/bangcle/Library/Python/3.9/lib/python/site-packages/uvicorn/server.py", line 71, in serve
    await self._serve(sockets)
  File "/Users/bangcle/Library/Python/3.9/lib/python/site-packages/uvicorn/server.py", line 78, in _serve
    config.load()
  File "/Users/bangcle/Library/Python/3.9/lib/python/site-packages/uvicorn/config.py", line 439, in load
    self.loaded_app = import_from_string(self.app)
  File "/Users/bangcle/Library/Python/3.9/lib/python/site-packages/uvicorn/importer.py", line 19, in import_from_string
    module = importlib.import_module(module_str)
  File "/Library/Developer/CommandLineTools/Library/Frameworks/Python3.framework/Versions/3.9/lib/python3.9/importlib/__init__.py", line 127, in import_module
    return _bootstrap._gcd_import(name[level:], package, level)
  File "<frozen importlib._bootstrap>", line 1030, in _gcd_import
  File "<frozen importlib._bootstrap>", line 1007, in _find_and_load
  File "<frozen importlib._bootstrap>", line 986, in _find_and_load_unlocked
  File "<frozen importlib._bootstrap>", line 680, in _load_unlocked
  File "<frozen importlib._bootstrap_external>", line 850, in exec_module
  File "<frozen importlib._bootstrap>", line 228, in _call_with_frames_removed
  File "/Users/bangcle/.openclaw/workspace/L4-proprietary/components/bdms/src/bdms/web/main.py", line 26, in <module>
    def _find_web_common() -> Path | None:
TypeError: unsupported operand type(s) for |: 'type' and 'NoneType'
Traceback (most recent call last):
  File "/Library/Developer/CommandLineTools/Library/Frameworks/Python3.framework/Versions/3.9/lib/python3.9/runpy.py", line 197, in _run_module_as_main
    return _run_code(code, main_globals, None,
  File "/Library/Developer/CommandLineTools/Library/Frameworks/Python3.framework/Versions/3.9/lib/python3.9/runpy.py", line 87, in _run_code
    exec(code, run_globals)
  File "/Users/bangcle/Library/Python/3.9/lib/python/site-packages/uvicorn/__main__.py", line 4, in <module>
    uvicorn.main()
  File "/Users/bangcle/Library/Python/3.9/lib/python/site-packages/click/core.py", line 1161, in __call__
    return self.main(*args, **kwargs)
  File "/Users/bangcle/Library/Python/3.9/lib/python/site-packages/click/core.py", line 1082, in main
    rv = self.invoke(ctx)
  File "/Users/bangcle/Library/Python/3.9/lib/python/site-packages/click/core.py", line 1443, in invoke
    return ctx.invoke(self.callback, **ctx.params)
  File "/Users/bangcle/Library/Python/3.9/lib/python/site-packages/click/core.py", line 788, in invoke
    return __callback(*args, **kwargs)
  File "/Users/bangcle/Library/Python/3.9/lib/python/site-packages/uvicorn/main.py", line 423, in main
    run(
  File "/Users/bangcle/Library/Python/3.9/lib/python/site-packages/uvicorn/main.py", line 593, in run
    server.run()
  File "/Users/bangcle/Library/Python/3.9/lib/python/site-packages/uvicorn/server.py", line 67, in run
    return asyncio_run(self.serve(sockets=sockets), loop_factory=self.config.get_loop_factory())
  File "/Users/bangcle/Library/Python/3.9/lib/python/site-packages/uvicorn/_compat.py", line 60, in asyncio_run
    return loop.run_until_complete(main)
  File "/Library/Developer/CommandLineTools/Library/Frameworks/Python3.framework/Versions/3.9/lib/python3.9/asyncio/base_events.py", line 642, in run_until_complete
    return future.result()
  File "/Users/bangcle/Library/Python/3.9/lib/python/site-packages/uvicorn/server.py", line 71, in serve
    await self._serve(sockets)
  File "/Users/bangcle/Library/Python/3.9/lib/python/site-packages/uvicorn/server.py", line 78, in _serve
    config.load()
  File "/Users/bangcle/Library/Python/3.9/lib/python/site-packages/uvicorn/config.py", line 439, in load
    self.loaded_app = import_from_string(self.app)
  File "/Users/bangcle/Library/Python/3.9/lib/python/site-packages/uvicorn/importer.py", line 19, in import_from_string
    module = importlib.import_module(module_str)
  File "/Library/Developer/CommandLineTools/Library/Frameworks/Python3.framework/Versions/3.9/lib/python3.9/importlib/__init__.py", line 127, in import_module
    return _bootstrap._gcd_import(name[level:], package, level)
  File "<frozen importlib._bootstrap>", line 1030, in _gcd_import
  File "<frozen importlib._bootstrap>", line 1007, in _find_and_load
  File "<frozen importlib._bootstrap>", line 986, in _find_and_load_unlocked
  File "<frozen importlib._bootstrap>", line 680, in _load_unlocked
  File "<frozen importlib._bootstrap_external>", line 850, in exec_module
  File "<frozen importlib._bootstrap>", line 228, in _call_with_frames_removed
  File "/Users/bangcle/.openclaw/workspace/L4-proprietary/components/bdms/src/bdms/web/main.py", line 26, in <module>
    def _find_web_common() -> Path | None:
TypeError: unsupported operand type(s) for |: 'type' and 'NoneType'
INFO:     Started server process [2684]
INFO:     Waiting for application startup.
INFO:     Application startup complete.
INFO:     Uvicorn running on http://127.0.0.1:8800 (Press CTRL+C to quit)
INFO:     Started server process [6108]
INFO:     Waiting for application startup.
INFO:     Application startup complete.
INFO:     Uvicorn running on http://127.0.0.1:8800 (Press CTRL+C to quit)
ERROR:    Exception in ASGI application
Traceback (most recent call last):
  File "/Users/bangcle/Library/Python/3.14/lib/python/site-packages/uvicorn/protocols/http/h11_impl.py", line 415, in run_asgi
    result = await app(  # type: ignore[func-returns-value]
             ^^^^^^^^^^^^^^^^^^^^^^^^^^^^^^^^^^^^^^^^^^^^^^
        self.scope, self.receive, self.send
        ^^^^^^^^^^^^^^^^^^^^^^^^^^^^^^^^^^^
    )
    ^
  File "/Users/bangcle/Library/Python/3.14/lib/python/site-packages/uvicorn/middleware/proxy_headers.py", line 56, in __call__
    return await self.app(scope, receive, send)
           ^^^^^^^^^^^^^^^^^^^^^^^^^^^^^^^^^^^^
  File "/Users/bangcle/Library/Python/3.14/lib/python/site-packages/fastapi/applications.py", line 1159, in __call__
    await super().__call__(scope, receive, send)
  File "/Users/bangcle/Library/Python/3.14/lib/python/site-packages/starlette/applications.py", line 90, in __call__
    await self.middleware_stack(scope, receive, send)
  File "/Users/bangcle/Library/Python/3.14/lib/python/site-packages/starlette/middleware/errors.py", line 186, in __call__
    raise exc
  File "/Users/bangcle/Library/Python/3.14/lib/python/site-packages/starlette/middleware/errors.py", line 164, in __call__
    await self.app(scope, receive, _send)
  File "/Users/bangcle/Library/Python/3.14/lib/python/site-packages/starlette/middleware/exceptions.py", line 63, in __call__
    await wrap_app_handling_exceptions(self.app, conn)(scope, receive, send)
  File "/Users/bangcle/Library/Python/3.14/lib/python/site-packages/starlette/_exception_handler.py", line 53, in wrapped_app
    raise exc
  File "/Users/bangcle/Library/Python/3.14/lib/python/site-packages/starlette/_exception_handler.py", line 42, in wrapped_app
    await app(scope, receive, sender)
  File "/Users/bangcle/Library/Python/3.14/lib/python/site-packages/fastapi/middleware/asyncexitstack.py", line 18, in __call__
    await self.app(scope, receive, send)
  File "/Users/bangcle/Library/Python/3.14/lib/python/site-packages/starlette/routing.py", line 660, in __call__
    await self.middleware_stack(scope, receive, send)
  File "/Users/bangcle/Library/Python/3.14/lib/python/site-packages/starlette/routing.py", line 680, in app
    await route.handle(scope, receive, send)
  File "/Users/bangcle/Library/Python/3.14/lib/python/site-packages/starlette/routing.py", line 276, in handle
    await self.app(scope, receive, send)
  File "/Users/bangcle/Library/Python/3.14/lib/python/site-packages/fastapi/routing.py", line 134, in app
    await wrap_app_handling_exceptions(app, request)(scope, receive, send)
  File "/Users/bangcle/Library/Python/3.14/lib/python/site-packages/starlette/_exception_handler.py", line 53, in wrapped_app
    raise exc
  File "/Users/bangcle/Library/Python/3.14/lib/python/site-packages/starlette/_exception_handler.py", line 42, in wrapped_app
    await app(scope, receive, sender)
  File "/Users/bangcle/Library/Python/3.14/lib/python/site-packages/fastapi/routing.py", line 120, in app
    response = await f(request)
               ^^^^^^^^^^^^^^^^
  File "/Users/bangcle/Library/Python/3.14/lib/python/site-packages/fastapi/routing.py", line 674, in app
    raw_response = await run_endpoint_function(
                   ^^^^^^^^^^^^^^^^^^^^^^^^^^^^
    ...<3 lines>...
    )
    ^
  File "/Users/bangcle/Library/Python/3.14/lib/python/site-packages/fastapi/routing.py", line 328, in run_endpoint_function
    return await dependant.call(**values)
           ^^^^^^^^^^^^^^^^^^^^^^^^^^^^^^
  File "/Users/bangcle/.openclaw/workspace/L4-proprietary/components/bdms/src/bdms/web/main.py", line 116, in page_report
    return _render(request, "report.html", {"active_page": "report"})
  File "/Users/bangcle/.openclaw/workspace/L4-proprietary/components/bdms/src/bdms/web/main.py", line 104, in _render
    return templates.TemplateResponse(request, name, ctx)
           ~~~~~~~~~~~~~~~~~~~~~~~~~~^^^^^^^^^^^^^^^^^^^^
  File "/Users/bangcle/Library/Python/3.14/lib/python/site-packages/starlette/templating.py", line 149, in TemplateResponse
    return _TemplateResponse(
        template,
    ...<4 lines>...
        background=background,
    )
  File "/Users/bangcle/Library/Python/3.14/lib/python/site-packages/starlette/templating.py", line 43, in __init__
    content = template.render(context)
  File "/opt/homebrew/lib/python3.14/site-packages/jinja2/environment.py", line 1295, in render
    self.environment.handle_exception()
    ~~~~~~~~~~~~~~~~~~~~~~~~~~~~~~~~~^^
  File "/opt/homebrew/lib/python3.14/site-packages/jinja2/environment.py", line 942, in handle_exception
    raise rewrite_traceback_stack(source=source)
  File "/Users/bangcle/.openclaw/workspace/L4-proprietary/components/bdms/src/bdms/web/templates/report.html", line 5, in top-level template code
    {% set page_title = '交付月报 — BDMS' %}
    ^^^^^^^^^^^^^^^^^^^^^^^^^
  File "/Users/bangcle/.openclaw/workspace/L4-proprietary/components/bdms/src/bdms/web/templates/base.html", line 2, in top-level template code
    {% call base_layout(
  File "/opt/homebrew/lib/python3.14/site-packages/jinja2/runtime.py", line 784, in _invoke
    rv = self._func(*arguments)
  File "/Users/bangcle/.openclaw/workspace/L2-infra/components/web-common/macros/layout.html", line 83, in template
    {{ caller() if caller is defined else '' }}
    ^^^^^^^^^^^^^
  File "/opt/homebrew/lib/python3.14/site-packages/jinja2/runtime.py", line 784, in _invoke
    rv = self._func(*arguments)
  File "/Users/bangcle/.openclaw/workspace/L4-proprietary/components/bdms/src/bdms/web/templates/base.html", line 12, in template
    {% block content %}{% endblock %}
    ^^^^^^^^^^^^^^^^^^^^^
  File "/Users/bangcle/.openclaw/workspace/L4-proprietary/components/bdms/src/bdms/web/templates/report.html", line 14, in block 'content'
    {% call card(title="人机协作审核", id="review-panel") %}
    ^^^^^^^^^^^^^^^^^^^^^^^^
TypeError: macro 'card' takes no keyword argument 'id'
ERROR:    Exception in ASGI application
Traceback (most recent call last):
  File "/Users/bangcle/Library/Python/3.14/lib/python/site-packages/uvicorn/protocols/http/h11_impl.py", line 415, in run_asgi
    result = await app(  # type: ignore[func-returns-value]
             ^^^^^^^^^^^^^^^^^^^^^^^^^^^^^^^^^^^^^^^^^^^^^^
        self.scope, self.receive, self.send
        ^^^^^^^^^^^^^^^^^^^^^^^^^^^^^^^^^^^
    )
    ^
  File "/Users/bangcle/Library/Python/3.14/lib/python/site-packages/uvicorn/middleware/proxy_headers.py", line 56, in __call__
    return await self.app(scope, receive, send)
           ^^^^^^^^^^^^^^^^^^^^^^^^^^^^^^^^^^^^
  File "/Users/bangcle/Library/Python/3.14/lib/python/site-packages/fastapi/applications.py", line 1159, in __call__
    await super().__call__(scope, receive, send)
  File "/Users/bangcle/Library/Python/3.14/lib/python/site-packages/starlette/applications.py", line 90, in __call__
    await self.middleware_stack(scope, receive, send)
  File "/Users/bangcle/Library/Python/3.14/lib/python/site-packages/starlette/middleware/errors.py", line 186, in __call__
    raise exc
  File "/Users/bangcle/Library/Python/3.14/lib/python/site-packages/starlette/middleware/errors.py", line 164, in __call__
    await self.app(scope, receive, _send)
  File "/Users/bangcle/Library/Python/3.14/lib/python/site-packages/starlette/middleware/exceptions.py", line 63, in __call__
    await wrap_app_handling_exceptions(self.app, conn)(scope, receive, send)
  File "/Users/bangcle/Library/Python/3.14/lib/python/site-packages/starlette/_exception_handler.py", line 53, in wrapped_app
    raise exc
  File "/Users/bangcle/Library/Python/3.14/lib/python/site-packages/starlette/_exception_handler.py", line 42, in wrapped_app
    await app(scope, receive, sender)
  File "/Users/bangcle/Library/Python/3.14/lib/python/site-packages/fastapi/middleware/asyncexitstack.py", line 18, in __call__
    await self.app(scope, receive, send)
  File "/Users/bangcle/Library/Python/3.14/lib/python/site-packages/starlette/routing.py", line 660, in __call__
    await self.middleware_stack(scope, receive, send)
  File "/Users/bangcle/Library/Python/3.14/lib/python/site-packages/starlette/routing.py", line 680, in app
    await route.handle(scope, receive, send)
  File "/Users/bangcle/Library/Python/3.14/lib/python/site-packages/starlette/routing.py", line 276, in handle
    await self.app(scope, receive, send)
  File "/Users/bangcle/Library/Python/3.14/lib/python/site-packages/fastapi/routing.py", line 134, in app
    await wrap_app_handling_exceptions(app, request)(scope, receive, send)
  File "/Users/bangcle/Library/Python/3.14/lib/python/site-packages/starlette/_exception_handler.py", line 53, in wrapped_app
    raise exc
  File "/Users/bangcle/Library/Python/3.14/lib/python/site-packages/starlette/_exception_handler.py", line 42, in wrapped_app
    await app(scope, receive, sender)
  File "/Users/bangcle/Library/Python/3.14/lib/python/site-packages/fastapi/routing.py", line 120, in app
    response = await f(request)
               ^^^^^^^^^^^^^^^^
  File "/Users/bangcle/Library/Python/3.14/lib/python/site-packages/fastapi/routing.py", line 674, in app
    raw_response = await run_endpoint_function(
                   ^^^^^^^^^^^^^^^^^^^^^^^^^^^^
    ...<3 lines>...
    )
    ^
  File "/Users/bangcle/Library/Python/3.14/lib/python/site-packages/fastapi/routing.py", line 328, in run_endpoint_function
    return await dependant.call(**values)
           ^^^^^^^^^^^^^^^^^^^^^^^^^^^^^^
  File "/Users/bangcle/.openclaw/workspace/L4-proprietary/components/bdms/src/bdms/web/main.py", line 116, in page_report
    return _render(request, "report.html", {"active_page": "report"})
  File "/Users/bangcle/.openclaw/workspace/L4-proprietary/components/bdms/src/bdms/web/main.py", line 104, in _render
    return templates.TemplateResponse(request, name, ctx)
           ~~~~~~~~~~~~~~~~~~~~~~~~~~^^^^^^^^^^^^^^^^^^^^
  File "/Users/bangcle/Library/Python/3.14/lib/python/site-packages/starlette/templating.py", line 149, in TemplateResponse
    return _TemplateResponse(
        template,
    ...<4 lines>...
        background=background,
    )
  File "/Users/bangcle/Library/Python/3.14/lib/python/site-packages/starlette/templating.py", line 43, in __init__
    content = template.render(context)
  File "/opt/homebrew/lib/python3.14/site-packages/jinja2/environment.py", line 1295, in render
    self.environment.handle_exception()
    ~~~~~~~~~~~~~~~~~~~~~~~~~~~~~~~~~^^
  File "/opt/homebrew/lib/python3.14/site-packages/jinja2/environment.py", line 942, in handle_exception
    raise rewrite_traceback_stack(source=source)
  File "/Users/bangcle/.openclaw/workspace/L4-proprietary/components/bdms/src/bdms/web/templates/report.html", line 5, in top-level template code
    {% set page_title = '交付月报 — BDMS' %}
    ^^^^^^^^^^^^^^^^^^^^^^^^^
  File "/Users/bangcle/.openclaw/workspace/L4-proprietary/components/bdms/src/bdms/web/templates/base.html", line 2, in top-level template code
    {% call base_layout(
  File "/opt/homebrew/lib/python3.14/site-packages/jinja2/runtime.py", line 784, in _invoke
    rv = self._func(*arguments)
  File "/Users/bangcle/.openclaw/workspace/L2-infra/components/web-common/macros/layout.html", line 83, in template
    {{ caller() if caller is defined else '' }}
    ^^^^^^^^^^^^^
  File "/opt/homebrew/lib/python3.14/site-packages/jinja2/runtime.py", line 784, in _invoke
    rv = self._func(*arguments)
  File "/Users/bangcle/.openclaw/workspace/L4-proprietary/components/bdms/src/bdms/web/templates/base.html", line 12, in template
    {% block content %}{% endblock %}
    ^^^^^^^^^^^^^^^^^^^^^
  File "/Users/bangcle/.openclaw/workspace/L4-proprietary/components/bdms/src/bdms/web/templates/report.html", line 14, in block 'content'
    {% call card(title="人机协作审核", id="review-panel") %}
    ^^^^^^^^^^^^^^^^^^^^^^^^
TypeError: macro 'card' takes no keyword argument 'id'
ERROR:    Exception in ASGI application
Traceback (most recent call last):
  File "/Users/bangcle/Library/Python/3.14/lib/python/site-packages/uvicorn/protocols/http/h11_impl.py", line 415, in run_asgi
    result = await app(  # type: ignore[func-returns-value]
             ^^^^^^^^^^^^^^^^^^^^^^^^^^^^^^^^^^^^^^^^^^^^^^
        self.scope, self.receive, self.send
        ^^^^^^^^^^^^^^^^^^^^^^^^^^^^^^^^^^^
    )
    ^
  File "/Users/bangcle/Library/Python/3.14/lib/python/site-packages/uvicorn/middleware/proxy_headers.py", line 56, in __call__
    return await self.app(scope, receive, send)
           ^^^^^^^^^^^^^^^^^^^^^^^^^^^^^^^^^^^^
  File "/Users/bangcle/Library/Python/3.14/lib/python/site-packages/fastapi/applications.py", line 1159, in __call__
    await super().__call__(scope, receive, send)
  File "/Users/bangcle/Library/Python/3.14/lib/python/site-packages/starlette/applications.py", line 90, in __call__
    await self.middleware_stack(scope, receive, send)
  File "/Users/bangcle/Library/Python/3.14/lib/python/site-packages/starlette/middleware/errors.py", line 186, in __call__
    raise exc
  File "/Users/bangcle/Library/Python/3.14/lib/python/site-packages/starlette/middleware/errors.py", line 164, in __call__
    await self.app(scope, receive, _send)
  File "/Users/bangcle/Library/Python/3.14/lib/python/site-packages/starlette/middleware/exceptions.py", line 63, in __call__
    await wrap_app_handling_exceptions(self.app, conn)(scope, receive, send)
  File "/Users/bangcle/Library/Python/3.14/lib/python/site-packages/starlette/_exception_handler.py", line 53, in wrapped_app
    raise exc
  File "/Users/bangcle/Library/Python/3.14/lib/python/site-packages/starlette/_exception_handler.py", line 42, in wrapped_app
    await app(scope, receive, sender)
  File "/Users/bangcle/Library/Python/3.14/lib/python/site-packages/fastapi/middleware/asyncexitstack.py", line 18, in __call__
    await self.app(scope, receive, send)
  File "/Users/bangcle/Library/Python/3.14/lib/python/site-packages/starlette/routing.py", line 660, in __call__
    await self.middleware_stack(scope, receive, send)
  File "/Users/bangcle/Library/Python/3.14/lib/python/site-packages/starlette/routing.py", line 680, in app
    await route.handle(scope, receive, send)
  File "/Users/bangcle/Library/Python/3.14/lib/python/site-packages/starlette/routing.py", line 276, in handle
    await self.app(scope, receive, send)
  File "/Users/bangcle/Library/Python/3.14/lib/python/site-packages/fastapi/routing.py", line 134, in app
    await wrap_app_handling_exceptions(app, request)(scope, receive, send)
  File "/Users/bangcle/Library/Python/3.14/lib/python/site-packages/starlette/_exception_handler.py", line 53, in wrapped_app
    raise exc
  File "/Users/bangcle/Library/Python/3.14/lib/python/site-packages/starlette/_exception_handler.py", line 42, in wrapped_app
    await app(scope, receive, sender)
  File "/Users/bangcle/Library/Python/3.14/lib/python/site-packages/fastapi/routing.py", line 120, in app
    response = await f(request)
               ^^^^^^^^^^^^^^^^
  File "/Users/bangcle/Library/Python/3.14/lib/python/site-packages/fastapi/routing.py", line 674, in app
    raw_response = await run_endpoint_function(
                   ^^^^^^^^^^^^^^^^^^^^^^^^^^^^
    ...<3 lines>...
    )
    ^
  File "/Users/bangcle/Library/Python/3.14/lib/python/site-packages/fastapi/routing.py", line 328, in run_endpoint_function
    return await dependant.call(**values)
           ^^^^^^^^^^^^^^^^^^^^^^^^^^^^^^
  File "/Users/bangcle/.openclaw/workspace/L4-proprietary/components/bdms/src/bdms/web/main.py", line 116, in page_report
    return _render(request, "report.html", {"active_page": "report"})
  File "/Users/bangcle/.openclaw/workspace/L4-proprietary/components/bdms/src/bdms/web/main.py", line 104, in _render
    return templates.TemplateResponse(request, name, ctx)
           ~~~~~~~~~~~~~~~~~~~~~~~~~~^^^^^^^^^^^^^^^^^^^^
  File "/Users/bangcle/Library/Python/3.14/lib/python/site-packages/starlette/templating.py", line 149, in TemplateResponse
    return _TemplateResponse(
        template,
    ...<4 lines>...
        background=background,
    )
  File "/Users/bangcle/Library/Python/3.14/lib/python/site-packages/starlette/templating.py", line 43, in __init__
    content = template.render(context)
  File "/opt/homebrew/lib/python3.14/site-packages/jinja2/environment.py", line 1295, in render
    self.environment.handle_exception()
    ~~~~~~~~~~~~~~~~~~~~~~~~~~~~~~~~~^^
  File "/opt/homebrew/lib/python3.14/site-packages/jinja2/environment.py", line 942, in handle_exception
    raise rewrite_traceback_stack(source=source)
  File "/Users/bangcle/.openclaw/workspace/L4-proprietary/components/bdms/src/bdms/web/templates/report.html", line 5, in top-level template code
    {% set page_title = '交付月报 — BDMS' %}
    ^^^^^^^^^^^^^^^^^^^^^^^^^
  File "/Users/bangcle/.openclaw/workspace/L4-proprietary/components/bdms/src/bdms/web/templates/base.html", line 2, in top-level template code
    {% call base_layout(
  File "/opt/homebrew/lib/python3.14/site-packages/jinja2/runtime.py", line 784, in _invoke
    rv = self._func(*arguments)
  File "/Users/bangcle/.openclaw/workspace/L2-infra/components/web-common/macros/layout.html", line 83, in template
    {{ caller() if caller is defined else '' }}
    ^^^^^^^^^^^^^
  File "/opt/homebrew/lib/python3.14/site-packages/jinja2/runtime.py", line 784, in _invoke
    rv = self._func(*arguments)
  File "/Users/bangcle/.openclaw/workspace/L4-proprietary/components/bdms/src/bdms/web/templates/base.html", line 12, in template
    {% block content %}{% endblock %}
    ^^^^^^^^^^^^^^^^^^^^^
  File "/Users/bangcle/.openclaw/workspace/L4-proprietary/components/bdms/src/bdms/web/templates/report.html", line 14, in block 'content'
    {% call card(title="人机协作审核", id="review-panel") %}
    ^^^^^^^^^^^^^^^^^^^^^^^^
TypeError: macro 'card' takes no keyword argument 'id'
ERROR:    Exception in ASGI application
Traceback (most recent call last):
  File "/Users/bangcle/Library/Python/3.14/lib/python/site-packages/uvicorn/protocols/http/h11_impl.py", line 415, in run_asgi
    result = await app(  # type: ignore[func-returns-value]
             ^^^^^^^^^^^^^^^^^^^^^^^^^^^^^^^^^^^^^^^^^^^^^^
        self.scope, self.receive, self.send
        ^^^^^^^^^^^^^^^^^^^^^^^^^^^^^^^^^^^
    )
    ^
  File "/Users/bangcle/Library/Python/3.14/lib/python/site-packages/uvicorn/middleware/proxy_headers.py", line 56, in __call__
    return await self.app(scope, receive, send)
           ^^^^^^^^^^^^^^^^^^^^^^^^^^^^^^^^^^^^
  File "/Users/bangcle/Library/Python/3.14/lib/python/site-packages/fastapi/applications.py", line 1159, in __call__
    await super().__call__(scope, receive, send)
  File "/Users/bangcle/Library/Python/3.14/lib/python/site-packages/starlette/applications.py", line 90, in __call__
    await self.middleware_stack(scope, receive, send)
  File "/Users/bangcle/Library/Python/3.14/lib/python/site-packages/starlette/middleware/errors.py", line 186, in __call__
    raise exc
  File "/Users/bangcle/Library/Python/3.14/lib/python/site-packages/starlette/middleware/errors.py", line 164, in __call__
    await self.app(scope, receive, _send)
  File "/Users/bangcle/Library/Python/3.14/lib/python/site-packages/starlette/middleware/exceptions.py", line 63, in __call__
    await wrap_app_handling_exceptions(self.app, conn)(scope, receive, send)
  File "/Users/bangcle/Library/Python/3.14/lib/python/site-packages/starlette/_exception_handler.py", line 53, in wrapped_app
    raise exc
  File "/Users/bangcle/Library/Python/3.14/lib/python/site-packages/starlette/_exception_handler.py", line 42, in wrapped_app
    await app(scope, receive, sender)
  File "/Users/bangcle/Library/Python/3.14/lib/python/site-packages/fastapi/middleware/asyncexitstack.py", line 18, in __call__
    await self.app(scope, receive, send)
  File "/Users/bangcle/Library/Python/3.14/lib/python/site-packages/starlette/routing.py", line 660, in __call__
    await self.middleware_stack(scope, receive, send)
  File "/Users/bangcle/Library/Python/3.14/lib/python/site-packages/starlette/routing.py", line 680, in app
    await route.handle(scope, receive, send)
  File "/Users/bangcle/Library/Python/3.14/lib/python/site-packages/starlette/routing.py", line 276, in handle
    await self.app(scope, receive, send)
  File "/Users/bangcle/Library/Python/3.14/lib/python/site-packages/fastapi/routing.py", line 134, in app
    await wrap_app_handling_exceptions(app, request)(scope, receive, send)
  File "/Users/bangcle/Library/Python/3.14/lib/python/site-packages/starlette/_exception_handler.py", line 53, in wrapped_app
    raise exc
  File "/Users/bangcle/Library/Python/3.14/lib/python/site-packages/starlette/_exception_handler.py", line 42, in wrapped_app
    await app(scope, receive, sender)
  File "/Users/bangcle/Library/Python/3.14/lib/python/site-packages/fastapi/routing.py", line 120, in app
    response = await f(request)
               ^^^^^^^^^^^^^^^^
  File "/Users/bangcle/Library/Python/3.14/lib/python/site-packages/fastapi/routing.py", line 674, in app
    raw_response = await run_endpoint_function(
                   ^^^^^^^^^^^^^^^^^^^^^^^^^^^^
    ...<3 lines>...
    )
    ^
  File "/Users/bangcle/Library/Python/3.14/lib/python/site-packages/fastapi/routing.py", line 328, in run_endpoint_function
    return await dependant.call(**values)
           ^^^^^^^^^^^^^^^^^^^^^^^^^^^^^^
  File "/Users/bangcle/.openclaw/workspace/L4-proprietary/components/bdms/src/bdms/web/main.py", line 116, in page_report
    return _render(request, "report.html", {"active_page": "report"})
  File "/Users/bangcle/.openclaw/workspace/L4-proprietary/components/bdms/src/bdms/web/main.py", line 104, in _render
    return templates.TemplateResponse(request, name, ctx)
           ~~~~~~~~~~~~~~~~~~~~~~~~~~^^^^^^^^^^^^^^^^^^^^
  File "/Users/bangcle/Library/Python/3.14/lib/python/site-packages/starlette/templating.py", line 149, in TemplateResponse
    return _TemplateResponse(
        template,
    ...<4 lines>...
        background=background,
    )
  File "/Users/bangcle/Library/Python/3.14/lib/python/site-packages/starlette/templating.py", line 43, in __init__
    content = template.render(context)
  File "/opt/homebrew/lib/python3.14/site-packages/jinja2/environment.py", line 1295, in render
    self.environment.handle_exception()
    ~~~~~~~~~~~~~~~~~~~~~~~~~~~~~~~~~^^
  File "/opt/homebrew/lib/python3.14/site-packages/jinja2/environment.py", line 942, in handle_exception
    raise rewrite_traceback_stack(source=source)
  File "/Users/bangcle/.openclaw/workspace/L4-proprietary/components/bdms/src/bdms/web/templates/report.html", line 5, in top-level template code
    {% set page_title = '交付月报 — BDMS' %}
    ^^^^^^^^^^^^^^^^^^^^^^^^^
  File "/Users/bangcle/.openclaw/workspace/L4-proprietary/components/bdms/src/bdms/web/templates/base.html", line 2, in top-level template code
    {% call base_layout(
  File "/opt/homebrew/lib/python3.14/site-packages/jinja2/runtime.py", line 784, in _invoke
    rv = self._func(*arguments)
  File "/Users/bangcle/.openclaw/workspace/L2-infra/components/web-common/macros/layout.html", line 83, in template
    {{ caller() if caller is defined else '' }}
    ^^^^^^^^^^^^^
  File "/opt/homebrew/lib/python3.14/site-packages/jinja2/runtime.py", line 784, in _invoke
    rv = self._func(*arguments)
  File "/Users/bangcle/.openclaw/workspace/L4-proprietary/components/bdms/src/bdms/web/templates/base.html", line 12, in template
    {% block content %}{% endblock %}
    ^^^^^^^^^^^^^^^^^^^^^
  File "/Users/bangcle/.openclaw/workspace/L4-proprietary/components/bdms/src/bdms/web/templates/report.html", line 14, in block 'content'
    {% call card(title="人机协作审核", id="review-panel") %}
    ^^^^^^^^^^^^^^^^^^^^^^^^
TypeError: macro 'card' takes no keyword argument 'id'
ERROR:    Exception in ASGI application
Traceback (most recent call last):
  File "/Users/bangcle/Library/Python/3.14/lib/python/site-packages/uvicorn/protocols/http/h11_impl.py", line 415, in run_asgi
    result = await app(  # type: ignore[func-returns-value]
             ^^^^^^^^^^^^^^^^^^^^^^^^^^^^^^^^^^^^^^^^^^^^^^
        self.scope, self.receive, self.send
        ^^^^^^^^^^^^^^^^^^^^^^^^^^^^^^^^^^^
    )
    ^
  File "/Users/bangcle/Library/Python/3.14/lib/python/site-packages/uvicorn/middleware/proxy_headers.py", line 56, in __call__
    return await self.app(scope, receive, send)
           ^^^^^^^^^^^^^^^^^^^^^^^^^^^^^^^^^^^^
  File "/Users/bangcle/Library/Python/3.14/lib/python/site-packages/fastapi/applications.py", line 1159, in __call__
    await super().__call__(scope, receive, send)
  File "/Users/bangcle/Library/Python/3.14/lib/python/site-packages/starlette/applications.py", line 90, in __call__
    await self.middleware_stack(scope, receive, send)
  File "/Users/bangcle/Library/Python/3.14/lib/python/site-packages/starlette/middleware/errors.py", line 186, in __call__
    raise exc
  File "/Users/bangcle/Library/Python/3.14/lib/python/site-packages/starlette/middleware/errors.py", line 164, in __call__
    await self.app(scope, receive, _send)
  File "/Users/bangcle/Library/Python/3.14/lib/python/site-packages/starlette/middleware/exceptions.py", line 63, in __call__
    await wrap_app_handling_exceptions(self.app, conn)(scope, receive, send)
  File "/Users/bangcle/Library/Python/3.14/lib/python/site-packages/starlette/_exception_handler.py", line 53, in wrapped_app
    raise exc
  File "/Users/bangcle/Library/Python/3.14/lib/python/site-packages/starlette/_exception_handler.py", line 42, in wrapped_app
    await app(scope, receive, sender)
  File "/Users/bangcle/Library/Python/3.14/lib/python/site-packages/fastapi/middleware/asyncexitstack.py", line 18, in __call__
    await self.app(scope, receive, send)
  File "/Users/bangcle/Library/Python/3.14/lib/python/site-packages/starlette/routing.py", line 660, in __call__
    await self.middleware_stack(scope, receive, send)
  File "/Users/bangcle/Library/Python/3.14/lib/python/site-packages/starlette/routing.py", line 680, in app
    await route.handle(scope, receive, send)
  File "/Users/bangcle/Library/Python/3.14/lib/python/site-packages/starlette/routing.py", line 276, in handle
    await self.app(scope, receive, send)
  File "/Users/bangcle/Library/Python/3.14/lib/python/site-packages/fastapi/routing.py", line 134, in app
    await wrap_app_handling_exceptions(app, request)(scope, receive, send)
  File "/Users/bangcle/Library/Python/3.14/lib/python/site-packages/starlette/_exception_handler.py", line 53, in wrapped_app
    raise exc
  File "/Users/bangcle/Library/Python/3.14/lib/python/site-packages/starlette/_exception_handler.py", line 42, in wrapped_app
    await app(scope, receive, sender)
  File "/Users/bangcle/Library/Python/3.14/lib/python/site-packages/fastapi/routing.py", line 120, in app
    response = await f(request)
               ^^^^^^^^^^^^^^^^
  File "/Users/bangcle/Library/Python/3.14/lib/python/site-packages/fastapi/routing.py", line 674, in app
    raw_response = await run_endpoint_function(
                   ^^^^^^^^^^^^^^^^^^^^^^^^^^^^
    ...<3 lines>...
    )
    ^
  File "/Users/bangcle/Library/Python/3.14/lib/python/site-packages/fastapi/routing.py", line 328, in run_endpoint_function
    return await dependant.call(**values)
           ^^^^^^^^^^^^^^^^^^^^^^^^^^^^^^
  File "/Users/bangcle/.openclaw/workspace/L4-proprietary/components/bdms/src/bdms/web/main.py", line 116, in page_report
    return _render(request, "report.html", {"active_page": "report"})
  File "/Users/bangcle/.openclaw/workspace/L4-proprietary/components/bdms/src/bdms/web/main.py", line 104, in _render
    return templates.TemplateResponse(request, name, ctx)
           ~~~~~~~~~~~~~~~~~~~~~~~~~~^^^^^^^^^^^^^^^^^^^^
  File "/Users/bangcle/Library/Python/3.14/lib/python/site-packages/starlette/templating.py", line 149, in TemplateResponse
    return _TemplateResponse(
        template,
    ...<4 lines>...
        background=background,
    )
  File "/Users/bangcle/Library/Python/3.14/lib/python/site-packages/starlette/templating.py", line 43, in __init__
    content = template.render(context)
  File "/opt/homebrew/lib/python3.14/site-packages/jinja2/environment.py", line 1295, in render
    self.environment.handle_exception()
    ~~~~~~~~~~~~~~~~~~~~~~~~~~~~~~~~~^^
  File "/opt/homebrew/lib/python3.14/site-packages/jinja2/environment.py", line 942, in handle_exception
    raise rewrite_traceback_stack(source=source)
  File "/Users/bangcle/.openclaw/workspace/L4-proprietary/components/bdms/src/bdms/web/templates/report.html", line 5, in top-level template code
    {% set page_title = '交付月报 — BDMS' %}
    ^^^^^^^^^^^^^^^^^^^^^^^^^
  File "/Users/bangcle/.openclaw/workspace/L4-proprietary/components/bdms/src/bdms/web/templates/base.html", line 2, in top-level template code
    {% call base_layout(
  File "/opt/homebrew/lib/python3.14/site-packages/jinja2/runtime.py", line 784, in _invoke
    rv = self._func(*arguments)
  File "/Users/bangcle/.openclaw/workspace/L2-infra/components/web-common/macros/layout.html", line 83, in template
    {{ caller() if caller is defined else '' }}
    ^^^^^^^^^^^^^
  File "/opt/homebrew/lib/python3.14/site-packages/jinja2/runtime.py", line 784, in _invoke
    rv = self._func(*arguments)
  File "/Users/bangcle/.openclaw/workspace/L4-proprietary/components/bdms/src/bdms/web/templates/base.html", line 12, in template
    {% block content %}{% endblock %}
    ^^^^^^^^^^^^^^^^^^^^^
  File "/Users/bangcle/.openclaw/workspace/L4-proprietary/components/bdms/src/bdms/web/templates/report.html", line 14, in block 'content'
    {% call card(title="人机协作审核", id="review-panel") %}
    ^^^^^^^^^^^^^^^^^^^^^^^^
TypeError: macro 'card' takes no keyword argument 'id'
ERROR:    Exception in ASGI application
Traceback (most recent call last):
  File "/Users/bangcle/Library/Python/3.14/lib/python/site-packages/uvicorn/protocols/http/h11_impl.py", line 415, in run_asgi
    result = await app(  # type: ignore[func-returns-value]
             ^^^^^^^^^^^^^^^^^^^^^^^^^^^^^^^^^^^^^^^^^^^^^^
        self.scope, self.receive, self.send
        ^^^^^^^^^^^^^^^^^^^^^^^^^^^^^^^^^^^
    )
    ^
  File "/Users/bangcle/Library/Python/3.14/lib/python/site-packages/uvicorn/middleware/proxy_headers.py", line 56, in __call__
    return await self.app(scope, receive, send)
           ^^^^^^^^^^^^^^^^^^^^^^^^^^^^^^^^^^^^
  File "/Users/bangcle/Library/Python/3.14/lib/python/site-packages/fastapi/applications.py", line 1159, in __call__
    await super().__call__(scope, receive, send)
  File "/Users/bangcle/Library/Python/3.14/lib/python/site-packages/starlette/applications.py", line 90, in __call__
    await self.middleware_stack(scope, receive, send)
  File "/Users/bangcle/Library/Python/3.14/lib/python/site-packages/starlette/middleware/errors.py", line 186, in __call__
    raise exc
  File "/Users/bangcle/Library/Python/3.14/lib/python/site-packages/starlette/middleware/errors.py", line 164, in __call__
    await self.app(scope, receive, _send)
  File "/Users/bangcle/Library/Python/3.14/lib/python/site-packages/starlette/middleware/exceptions.py", line 63, in __call__
    await wrap_app_handling_exceptions(self.app, conn)(scope, receive, send)
  File "/Users/bangcle/Library/Python/3.14/lib/python/site-packages/starlette/_exception_handler.py", line 53, in wrapped_app
    raise exc
  File "/Users/bangcle/Library/Python/3.14/lib/python/site-packages/starlette/_exception_handler.py", line 42, in wrapped_app
    await app(scope, receive, sender)
  File "/Users/bangcle/Library/Python/3.14/lib/python/site-packages/fastapi/middleware/asyncexitstack.py", line 18, in __call__
    await self.app(scope, receive, send)
  File "/Users/bangcle/Library/Python/3.14/lib/python/site-packages/starlette/routing.py", line 660, in __call__
    await self.middleware_stack(scope, receive, send)
  File "/Users/bangcle/Library/Python/3.14/lib/python/site-packages/starlette/routing.py", line 680, in app
    await route.handle(scope, receive, send)
  File "/Users/bangcle/Library/Python/3.14/lib/python/site-packages/starlette/routing.py", line 276, in handle
    await self.app(scope, receive, send)
  File "/Users/bangcle/Library/Python/3.14/lib/python/site-packages/fastapi/routing.py", line 134, in app
    await wrap_app_handling_exceptions(app, request)(scope, receive, send)
  File "/Users/bangcle/Library/Python/3.14/lib/python/site-packages/starlette/_exception_handler.py", line 53, in wrapped_app
    raise exc
  File "/Users/bangcle/Library/Python/3.14/lib/python/site-packages/starlette/_exception_handler.py", line 42, in wrapped_app
    await app(scope, receive, sender)
  File "/Users/bangcle/Library/Python/3.14/lib/python/site-packages/fastapi/routing.py", line 120, in app
    response = await f(request)
               ^^^^^^^^^^^^^^^^
  File "/Users/bangcle/Library/Python/3.14/lib/python/site-packages/fastapi/routing.py", line 674, in app
    raw_response = await run_endpoint_function(
                   ^^^^^^^^^^^^^^^^^^^^^^^^^^^^
    ...<3 lines>...
    )
    ^
  File "/Users/bangcle/Library/Python/3.14/lib/python/site-packages/fastapi/routing.py", line 328, in run_endpoint_function
    return await dependant.call(**values)
           ^^^^^^^^^^^^^^^^^^^^^^^^^^^^^^
  File "/Users/bangcle/.openclaw/workspace/L4-proprietary/components/bdms/src/bdms/web/main.py", line 116, in page_report
    return _render(request, "report.html", {"active_page": "report"})
  File "/Users/bangcle/.openclaw/workspace/L4-proprietary/components/bdms/src/bdms/web/main.py", line 104, in _render
    return templates.TemplateResponse(request, name, ctx)
           ~~~~~~~~~~~~~~~~~~~~~~~~~~^^^^^^^^^^^^^^^^^^^^
  File "/Users/bangcle/Library/Python/3.14/lib/python/site-packages/starlette/templating.py", line 149, in TemplateResponse
    return _TemplateResponse(
        template,
    ...<4 lines>...
        background=background,
    )
  File "/Users/bangcle/Library/Python/3.14/lib/python/site-packages/starlette/templating.py", line 43, in __init__
    content = template.render(context)
  File "/opt/homebrew/lib/python3.14/site-packages/jinja2/environment.py", line 1295, in render
    self.environment.handle_exception()
    ~~~~~~~~~~~~~~~~~~~~~~~~~~~~~~~~~^^
  File "/opt/homebrew/lib/python3.14/site-packages/jinja2/environment.py", line 942, in handle_exception
    raise rewrite_traceback_stack(source=source)
  File "/Users/bangcle/.openclaw/workspace/L4-proprietary/components/bdms/src/bdms/web/templates/report.html", line 5, in top-level template code
    {% set page_title = '交付月报 — BDMS' %}
    ^^^^^^^^^^^^^^^^^^^^^^^^^
  File "/Users/bangcle/.openclaw/workspace/L4-proprietary/components/bdms/src/bdms/web/templates/base.html", line 2, in top-level template code
    {% call base_layout(
  File "/opt/homebrew/lib/python3.14/site-packages/jinja2/runtime.py", line 784, in _invoke
    rv = self._func(*arguments)
  File "/Users/bangcle/.openclaw/workspace/L2-infra/components/web-common/macros/layout.html", line 83, in template
    {{ caller() if caller is defined else '' }}
    ^^^^^^^^^^^^^
  File "/opt/homebrew/lib/python3.14/site-packages/jinja2/runtime.py", line 784, in _invoke
    rv = self._func(*arguments)
  File "/Users/bangcle/.openclaw/workspace/L4-proprietary/components/bdms/src/bdms/web/templates/base.html", line 12, in template
    {% block content %}{% endblock %}
    ^^^^^^^^^^^^^^^^^^^^^
  File "/Users/bangcle/.openclaw/workspace/L4-proprietary/components/bdms/src/bdms/web/templates/report.html", line 14, in block 'content'
    {% call card(title="人机协作审核", id="review-panel") %}
    ^^^^^^^^^^^^^^^^^^^^^^^^
TypeError: macro 'card' takes no keyword argument 'id'
ERROR:    Exception in ASGI application
Traceback (most recent call last):
  File "/Users/bangcle/Library/Python/3.14/lib/python/site-packages/uvicorn/protocols/http/h11_impl.py", line 415, in run_asgi
    result = await app(  # type: ignore[func-returns-value]
             ^^^^^^^^^^^^^^^^^^^^^^^^^^^^^^^^^^^^^^^^^^^^^^
        self.scope, self.receive, self.send
        ^^^^^^^^^^^^^^^^^^^^^^^^^^^^^^^^^^^
    )
    ^
  File "/Users/bangcle/Library/Python/3.14/lib/python/site-packages/uvicorn/middleware/proxy_headers.py", line 56, in __call__
    return await self.app(scope, receive, send)
           ^^^^^^^^^^^^^^^^^^^^^^^^^^^^^^^^^^^^
  File "/Users/bangcle/Library/Python/3.14/lib/python/site-packages/fastapi/applications.py", line 1159, in __call__
    await super().__call__(scope, receive, send)
  File "/Users/bangcle/Library/Python/3.14/lib/python/site-packages/starlette/applications.py", line 90, in __call__
    await self.middleware_stack(scope, receive, send)
  File "/Users/bangcle/Library/Python/3.14/lib/python/site-packages/starlette/middleware/errors.py", line 186, in __call__
    raise exc
  File "/Users/bangcle/Library/Python/3.14/lib/python/site-packages/starlette/middleware/errors.py", line 164, in __call__
    await self.app(scope, receive, _send)
  File "/Users/bangcle/Library/Python/3.14/lib/python/site-packages/starlette/middleware/exceptions.py", line 63, in __call__
    await wrap_app_handling_exceptions(self.app, conn)(scope, receive, send)
  File "/Users/bangcle/Library/Python/3.14/lib/python/site-packages/starlette/_exception_handler.py", line 53, in wrapped_app
    raise exc
  File "/Users/bangcle/Library/Python/3.14/lib/python/site-packages/starlette/_exception_handler.py", line 42, in wrapped_app
    await app(scope, receive, sender)
  File "/Users/bangcle/Library/Python/3.14/lib/python/site-packages/fastapi/middleware/asyncexitstack.py", line 18, in __call__
    await self.app(scope, receive, send)
  File "/Users/bangcle/Library/Python/3.14/lib/python/site-packages/starlette/routing.py", line 660, in __call__
    await self.middleware_stack(scope, receive, send)
  File "/Users/bangcle/Library/Python/3.14/lib/python/site-packages/starlette/routing.py", line 680, in app
    await route.handle(scope, receive, send)
  File "/Users/bangcle/Library/Python/3.14/lib/python/site-packages/starlette/routing.py", line 276, in handle
    await self.app(scope, receive, send)
  File "/Users/bangcle/Library/Python/3.14/lib/python/site-packages/fastapi/routing.py", line 134, in app
    await wrap_app_handling_exceptions(app, request)(scope, receive, send)
  File "/Users/bangcle/Library/Python/3.14/lib/python/site-packages/starlette/_exception_handler.py", line 53, in wrapped_app
    raise exc
  File "/Users/bangcle/Library/Python/3.14/lib/python/site-packages/starlette/_exception_handler.py", line 42, in wrapped_app
    await app(scope, receive, sender)
  File "/Users/bangcle/Library/Python/3.14/lib/python/site-packages/fastapi/routing.py", line 120, in app
    response = await f(request)
               ^^^^^^^^^^^^^^^^
  File "/Users/bangcle/Library/Python/3.14/lib/python/site-packages/fastapi/routing.py", line 674, in app
    raw_response = await run_endpoint_function(
                   ^^^^^^^^^^^^^^^^^^^^^^^^^^^^
    ...<3 lines>...
    )
    ^
  File "/Users/bangcle/Library/Python/3.14/lib/python/site-packages/fastapi/routing.py", line 328, in run_endpoint_function
    return await dependant.call(**values)
           ^^^^^^^^^^^^^^^^^^^^^^^^^^^^^^
  File "/Users/bangcle/.openclaw/workspace/L4-proprietary/components/bdms/src/bdms/web/main.py", line 116, in page_report
    return _render(request, "report.html", {"active_page": "report"})
  File "/Users/bangcle/.openclaw/workspace/L4-proprietary/components/bdms/src/bdms/web/main.py", line 104, in _render
    return templates.TemplateResponse(request, name, ctx)
           ~~~~~~~~~~~~~~~~~~~~~~~~~~^^^^^^^^^^^^^^^^^^^^
  File "/Users/bangcle/Library/Python/3.14/lib/python/site-packages/starlette/templating.py", line 149, in TemplateResponse
    return _TemplateResponse(
        template,
    ...<4 lines>...
        background=background,
    )
  File "/Users/bangcle/Library/Python/3.14/lib/python/site-packages/starlette/templating.py", line 43, in __init__
    content = template.render(context)
  File "/opt/homebrew/lib/python3.14/site-packages/jinja2/environment.py", line 1295, in render
    self.environment.handle_exception()
    ~~~~~~~~~~~~~~~~~~~~~~~~~~~~~~~~~^^
  File "/opt/homebrew/lib/python3.14/site-packages/jinja2/environment.py", line 942, in handle_exception
    raise rewrite_traceback_stack(source=source)
  File "/Users/bangcle/.openclaw/workspace/L4-proprietary/components/bdms/src/bdms/web/templates/report.html", line 5, in top-level template code
    {% set page_title = '交付月报 — BDMS' %}
    ^^^^^^^^^^^^^^^^^^^^^^^^^
  File "/Users/bangcle/.openclaw/workspace/L4-proprietary/components/bdms/src/bdms/web/templates/base.html", line 2, in top-level template code
    {% call base_layout(
  File "/opt/homebrew/lib/python3.14/site-packages/jinja2/runtime.py", line 784, in _invoke
    rv = self._func(*arguments)
  File "/Users/bangcle/.openclaw/workspace/L2-infra/components/web-common/macros/layout.html", line 83, in template
    {{ caller() if caller is defined else '' }}
    ^^^^^^^^^^^^^
  File "/opt/homebrew/lib/python3.14/site-packages/jinja2/runtime.py", line 784, in _invoke
    rv = self._func(*arguments)
  File "/Users/bangcle/.openclaw/workspace/L4-proprietary/components/bdms/src/bdms/web/templates/base.html", line 12, in template
    {% block content %}{% endblock %}
    ^^^^^^^^^^^^^^^^^^^^^
  File "/Users/bangcle/.openclaw/workspace/L4-proprietary/components/bdms/src/bdms/web/templates/report.html", line 14, in block 'content'
    {% call card(title="人机协作审核", id="review-panel") %}
    ^^^^^^^^^^^^^^^^^^^^^^^^
TypeError: macro 'card' takes no keyword argument 'id'
INFO:     Started server process [6320]
INFO:     Waiting for application startup.
INFO:     Application startup complete.
INFO:     Uvicorn running on http://127.0.0.1:8800 (Press CTRL+C to quit)
Traceback (most recent call last):
  File "<frozen runpy>", line 203, in _run_module_as_main
  File "<frozen runpy>", line 88, in _run_code
  File "/Users/bangcle/Library/Python/3.14/lib/python/site-packages/uvicorn/__main__.py", line 4, in <module>
    uvicorn.main()
    ~~~~~~~~~~~~^^
  File "/Users/bangcle/Library/Python/3.14/lib/python/site-packages/click/core.py", line 1514, in __call__
    return self.main(*args, **kwargs)
           ~~~~~~~~~^^^^^^^^^^^^^^^^^
  File "/Users/bangcle/Library/Python/3.14/lib/python/site-packages/click/core.py", line 1435, in main
    rv = self.invoke(ctx)
  File "/Users/bangcle/Library/Python/3.14/lib/python/site-packages/click/core.py", line 1298, in invoke
    return ctx.invoke(self.callback, **ctx.params)
           ~~~~~~~~~~^^^^^^^^^^^^^^^^^^^^^^^^^^^^^
  File "/Users/bangcle/Library/Python/3.14/lib/python/site-packages/click/core.py", line 853, in invoke
    return callback(*args, **kwargs)
  File "/Users/bangcle/Library/Python/3.14/lib/python/site-packages/uvicorn/main.py", line 441, in main
    run(
    ~~~^
        app,
        ^^^^
    ...<48 lines>...
        reset_contextvars=reset_contextvars,
        ^^^^^^^^^^^^^^^^^^^^^^^^^^^^^^^^^^^^
    )
    ^
  File "/Users/bangcle/Library/Python/3.14/lib/python/site-packages/uvicorn/main.py", line 617, in run
    server.run()
    ~~~~~~~~~~^^
  File "/Users/bangcle/Library/Python/3.14/lib/python/site-packages/uvicorn/server.py", line 75, in run
    return asyncio_run(self.serve(sockets=sockets), loop_factory=self.config.get_loop_factory())
  File "/opt/homebrew/Cellar/python@3.14/3.14.7/Frameworks/Python.framework/Versions/3.14/lib/python3.14/asyncio/runners.py", line 205, in run
    return runner.run(main)
           ~~~~~~~~~~^^^^^^
  File "/opt/homebrew/Cellar/python@3.14/3.14.7/Frameworks/Python.framework/Versions/3.14/lib/python3.14/asyncio/runners.py", line 128, in run
    return self._loop.run_until_complete(task)
           ~~~~~~~~~~~~~~~~~~~~~~~~~~~~~^^^^^^
  File "/opt/homebrew/Cellar/python@3.14/3.14.7/Frameworks/Python.framework/Versions/3.14/lib/python3.14/asyncio/base_events.py", line 720, in run_until_complete
    return future.result()
           ~~~~~~~~~~~~~^^
  File "/Users/bangcle/Library/Python/3.14/lib/python/site-packages/uvicorn/server.py", line 79, in serve
    await self._serve(sockets)
  File "/Users/bangcle/Library/Python/3.14/lib/python/site-packages/uvicorn/server.py", line 86, in _serve
    config.load()
    ~~~~~~~~~~~^^
  File "/Users/bangcle/Library/Python/3.14/lib/python/site-packages/uvicorn/config.py", line 449, in load
    self.loaded_app = import_from_string(self.app)
                      ~~~~~~~~~~~~~~~~~~^^^^^^^^^^
  File "/Users/bangcle/Library/Python/3.14/lib/python/site-packages/uvicorn/importer.py", line 19, in import_from_string
    module = importlib.import_module(module_str)
  File "/opt/homebrew/Cellar/python@3.14/3.14.7/Frameworks/Python.framework/Versions/3.14/lib/python3.14/importlib/__init__.py", line 88, in import_module
    return _bootstrap._gcd_import(name[level:], package, level)
           ~~~~~~~~~~~~~~~~~~~~~~^^^^^^^^^^^^^^^^^^^^^^^^^^^^^^
  File "<frozen importlib._bootstrap>", line 1406, in _gcd_import
  File "<frozen importlib._bootstrap>", line 1371, in _find_and_load
  File "<frozen importlib._bootstrap>", line 1342, in _find_and_load_unlocked
  File "<frozen importlib._bootstrap>", line 938, in _load_unlocked
  File "<frozen importlib._bootstrap_external>", line 759, in exec_module
  File "<frozen importlib._bootstrap>", line 491, in _call_with_frames_removed
  File "/Users/bangcle/.openclaw/workspace/L4-proprietary/components/bdms/src/bdms/web/main.py", line 170, in <module>
    from .api import router as api_router  # noqa: E402
    ^^^^^^^^^^^^^^^^^^^^^^^^^^^^^^^^^^^^^
  File "/Users/bangcle/.openclaw/workspace/L4-proprietary/components/bdms/src/bdms/web/api.py", line 173
    """获取某月某 Sheet 的数据（分页 + 搜索）。"""
IndentationError: unexpected indent
Traceback (most recent call last):
  File "<frozen runpy>", line 203, in _run_module_as_main
  File "<frozen runpy>", line 88, in _run_code
  File "/Users/bangcle/Library/Python/3.14/lib/python/site-packages/uvicorn/__main__.py", line 4, in <module>
    uvicorn.main()
    ~~~~~~~~~~~~^^
  File "/Users/bangcle/Library/Python/3.14/lib/python/site-packages/click/core.py", line 1514, in __call__
    return self.main(*args, **kwargs)
           ~~~~~~~~~^^^^^^^^^^^^^^^^^
  File "/Users/bangcle/Library/Python/3.14/lib/python/site-packages/click/core.py", line 1435, in main
    rv = self.invoke(ctx)
  File "/Users/bangcle/Library/Python/3.14/lib/python/site-packages/click/core.py", line 1298, in invoke
    return ctx.invoke(self.callback, **ctx.params)
           ~~~~~~~~~~^^^^^^^^^^^^^^^^^^^^^^^^^^^^^
  File "/Users/bangcle/Library/Python/3.14/lib/python/site-packages/click/core.py", line 853, in invoke
    return callback(*args, **kwargs)
  File "/Users/bangcle/Library/Python/3.14/lib/python/site-packages/uvicorn/main.py", line 441, in main
    run(
    ~~~^
        app,
        ^^^^
    ...<48 lines>...
        reset_contextvars=reset_contextvars,
        ^^^^^^^^^^^^^^^^^^^^^^^^^^^^^^^^^^^^
    )
    ^
  File "/Users/bangcle/Library/Python/3.14/lib/python/site-packages/uvicorn/main.py", line 617, in run
    server.run()
    ~~~~~~~~~~^^
  File "/Users/bangcle/Library/Python/3.14/lib/python/site-packages/uvicorn/server.py", line 75, in run
    return asyncio_run(self.serve(sockets=sockets), loop_factory=self.config.get_loop_factory())
  File "/opt/homebrew/Cellar/python@3.14/3.14.7/Frameworks/Python.framework/Versions/3.14/lib/python3.14/asyncio/runners.py", line 205, in run
    return runner.run(main)
           ~~~~~~~~~~^^^^^^
  File "/opt/homebrew/Cellar/python@3.14/3.14.7/Frameworks/Python.framework/Versions/3.14/lib/python3.14/asyncio/runners.py", line 128, in run
    return self._loop.run_until_complete(task)
           ~~~~~~~~~~~~~~~~~~~~~~~~~~~~~^^^^^^
  File "/opt/homebrew/Cellar/python@3.14/3.14.7/Frameworks/Python.framework/Versions/3.14/lib/python3.14/asyncio/base_events.py", line 720, in run_until_complete
    return future.result()
           ~~~~~~~~~~~~~^^
  File "/Users/bangcle/Library/Python/3.14/lib/python/site-packages/uvicorn/server.py", line 79, in serve
    await self._serve(sockets)
  File "/Users/bangcle/Library/Python/3.14/lib/python/site-packages/uvicorn/server.py", line 86, in _serve
    config.load()
    ~~~~~~~~~~~^^
  File "/Users/bangcle/Library/Python/3.14/lib/python/site-packages/uvicorn/config.py", line 449, in load
    self.loaded_app = import_from_string(self.app)
                      ~~~~~~~~~~~~~~~~~~^^^^^^^^^^
  File "/Users/bangcle/Library/Python/3.14/lib/python/site-packages/uvicorn/importer.py", line 19, in import_from_string
    module = importlib.import_module(module_str)
  File "/opt/homebrew/Cellar/python@3.14/3.14.7/Frameworks/Python.framework/Versions/3.14/lib/python3.14/importlib/__init__.py", line 88, in import_module
    return _bootstrap._gcd_import(name[level:], package, level)
           ~~~~~~~~~~~~~~~~~~~~~~^^^^^^^^^^^^^^^^^^^^^^^^^^^^^^
  File "<frozen importlib._bootstrap>", line 1406, in _gcd_import
  File "<frozen importlib._bootstrap>", line 1371, in _find_and_load
  File "<frozen importlib._bootstrap>", line 1342, in _find_and_load_unlocked
  File "<frozen importlib._bootstrap>", line 938, in _load_unlocked
  File "<frozen importlib._bootstrap_external>", line 759, in exec_module
  File "<frozen importlib._bootstrap>", line 491, in _call_with_frames_removed
  File "/Users/bangcle/.openclaw/workspace/L4-proprietary/components/bdms/src/bdms/web/main.py", line 170, in <module>
    from .api import router as api_router  # noqa: E402
    ^^^^^^^^^^^^^^^^^^^^^^^^^^^^^^^^^^^^^
  File "/Users/bangcle/.openclaw/workspace/L4-proprietary/components/bdms/src/bdms/web/api.py", line 173
    """获取某月某 Sheet 的数据（分页 + 搜索）。"""
IndentationError: unexpected indent
Traceback (most recent call last):
  File "<frozen runpy>", line 203, in _run_module_as_main
  File "<frozen runpy>", line 88, in _run_code
  File "/Users/bangcle/Library/Python/3.14/lib/python/site-packages/uvicorn/__main__.py", line 4, in <module>
    uvicorn.main()
    ~~~~~~~~~~~~^^
  File "/Users/bangcle/Library/Python/3.14/lib/python/site-packages/click/core.py", line 1514, in __call__
    return self.main(*args, **kwargs)
           ~~~~~~~~~^^^^^^^^^^^^^^^^^
  File "/Users/bangcle/Library/Python/3.14/lib/python/site-packages/click/core.py", line 1435, in main
    rv = self.invoke(ctx)
  File "/Users/bangcle/Library/Python/3.14/lib/python/site-packages/click/core.py", line 1298, in invoke
    return ctx.invoke(self.callback, **ctx.params)
           ~~~~~~~~~~^^^^^^^^^^^^^^^^^^^^^^^^^^^^^
  File "/Users/bangcle/Library/Python/3.14/lib/python/site-packages/click/core.py", line 853, in invoke
    return callback(*args, **kwargs)
  File "/Users/bangcle/Library/Python/3.14/lib/python/site-packages/uvicorn/main.py", line 441, in main
    run(
    ~~~^
        app,
        ^^^^
    ...<48 lines>...
        reset_contextvars=reset_contextvars,
        ^^^^^^^^^^^^^^^^^^^^^^^^^^^^^^^^^^^^
    )
    ^
  File "/Users/bangcle/Library/Python/3.14/lib/python/site-packages/uvicorn/main.py", line 617, in run
    server.run()
    ~~~~~~~~~~^^
  File "/Users/bangcle/Library/Python/3.14/lib/python/site-packages/uvicorn/server.py", line 75, in run
    return asyncio_run(self.serve(sockets=sockets), loop_factory=self.config.get_loop_factory())
  File "/opt/homebrew/Cellar/python@3.14/3.14.7/Frameworks/Python.framework/Versions/3.14/lib/python3.14/asyncio/runners.py", line 205, in run
    return runner.run(main)
           ~~~~~~~~~~^^^^^^
  File "/opt/homebrew/Cellar/python@3.14/3.14.7/Frameworks/Python.framework/Versions/3.14/lib/python3.14/asyncio/runners.py", line 128, in run
    return self._loop.run_until_complete(task)
           ~~~~~~~~~~~~~~~~~~~~~~~~~~~~~^^^^^^
  File "/opt/homebrew/Cellar/python@3.14/3.14.7/Frameworks/Python.framework/Versions/3.14/lib/python3.14/asyncio/base_events.py", line 720, in run_until_complete
    return future.result()
           ~~~~~~~~~~~~~^^
  File "/Users/bangcle/Library/Python/3.14/lib/python/site-packages/uvicorn/server.py", line 79, in serve
    await self._serve(sockets)
  File "/Users/bangcle/Library/Python/3.14/lib/python/site-packages/uvicorn/server.py", line 86, in _serve
    config.load()
    ~~~~~~~~~~~^^
  File "/Users/bangcle/Library/Python/3.14/lib/python/site-packages/uvicorn/config.py", line 449, in load
    self.loaded_app = import_from_string(self.app)
                      ~~~~~~~~~~~~~~~~~~^^^^^^^^^^
  File "/Users/bangcle/Library/Python/3.14/lib/python/site-packages/uvicorn/importer.py", line 19, in import_from_string
    module = importlib.import_module(module_str)
  File "/opt/homebrew/Cellar/python@3.14/3.14.7/Frameworks/Python.framework/Versions/3.14/lib/python3.14/importlib/__init__.py", line 88, in import_module
    return _bootstrap._gcd_import(name[level:], package, level)
           ~~~~~~~~~~~~~~~~~~~~~~^^^^^^^^^^^^^^^^^^^^^^^^^^^^^^
  File "<frozen importlib._bootstrap>", line 1406, in _gcd_import
  File "<frozen importlib._bootstrap>", line 1371, in _find_and_load
  File "<frozen importlib._bootstrap>", line 1342, in _find_and_load_unlocked
  File "<frozen importlib._bootstrap>", line 938, in _load_unlocked
  File "<frozen importlib._bootstrap_external>", line 759, in exec_module
  File "<frozen importlib._bootstrap>", line 491, in _call_with_frames_removed
  File "/Users/bangcle/.openclaw/workspace/L4-proprietary/components/bdms/src/bdms/web/main.py", line 170, in <module>
    from .api import router as api_router  # noqa: E402
    ^^^^^^^^^^^^^^^^^^^^^^^^^^^^^^^^^^^^^
  File "/Users/bangcle/.openclaw/workspace/L4-proprietary/components/bdms/src/bdms/web/api.py", line 173
    """获取某月某 Sheet 的数据（分页 + 搜索）。"""
IndentationError: unexpected indent
Traceback (most recent call last):
  File "<frozen runpy>", line 203, in _run_module_as_main
  File "<frozen runpy>", line 88, in _run_code
  File "/Users/bangcle/Library/Python/3.14/lib/python/site-packages/uvicorn/__main__.py", line 4, in <module>
    uvicorn.main()
    ~~~~~~~~~~~~^^
  File "/Users/bangcle/Library/Python/3.14/lib/python/site-packages/click/core.py", line 1514, in __call__
    return self.main(*args, **kwargs)
           ~~~~~~~~~^^^^^^^^^^^^^^^^^
  File "/Users/bangcle/Library/Python/3.14/lib/python/site-packages/click/core.py", line 1435, in main
    rv = self.invoke(ctx)
  File "/Users/bangcle/Library/Python/3.14/lib/python/site-packages/click/core.py", line 1298, in invoke
    return ctx.invoke(self.callback, **ctx.params)
           ~~~~~~~~~~^^^^^^^^^^^^^^^^^^^^^^^^^^^^^
  File "/Users/bangcle/Library/Python/3.14/lib/python/site-packages/click/core.py", line 853, in invoke
    return callback(*args, **kwargs)
  File "/Users/bangcle/Library/Python/3.14/lib/python/site-packages/uvicorn/main.py", line 441, in main
    run(
    ~~~^
        app,
        ^^^^
    ...<48 lines>...
        reset_contextvars=reset_contextvars,
        ^^^^^^^^^^^^^^^^^^^^^^^^^^^^^^^^^^^^
    )
    ^
  File "/Users/bangcle/Library/Python/3.14/lib/python/site-packages/uvicorn/main.py", line 617, in run
    server.run()
    ~~~~~~~~~~^^
  File "/Users/bangcle/Library/Python/3.14/lib/python/site-packages/uvicorn/server.py", line 75, in run
    return asyncio_run(self.serve(sockets=sockets), loop_factory=self.config.get_loop_factory())
  File "/opt/homebrew/Cellar/python@3.14/3.14.7/Frameworks/Python.framework/Versions/3.14/lib/python3.14/asyncio/runners.py", line 205, in run
    return runner.run(main)
           ~~~~~~~~~~^^^^^^
  File "/opt/homebrew/Cellar/python@3.14/3.14.7/Frameworks/Python.framework/Versions/3.14/lib/python3.14/asyncio/runners.py", line 128, in run
    return self._loop.run_until_complete(task)
           ~~~~~~~~~~~~~~~~~~~~~~~~~~~~~^^^^^^
  File "/opt/homebrew/Cellar/python@3.14/3.14.7/Frameworks/Python.framework/Versions/3.14/lib/python3.14/asyncio/base_events.py", line 720, in run_until_complete
    return future.result()
           ~~~~~~~~~~~~~^^
  File "/Users/bangcle/Library/Python/3.14/lib/python/site-packages/uvicorn/server.py", line 79, in serve
    await self._serve(sockets)
  File "/Users/bangcle/Library/Python/3.14/lib/python/site-packages/uvicorn/server.py", line 86, in _serve
    config.load()
    ~~~~~~~~~~~^^
  File "/Users/bangcle/Library/Python/3.14/lib/python/site-packages/uvicorn/config.py", line 449, in load
    self.loaded_app = import_from_string(self.app)
                      ~~~~~~~~~~~~~~~~~~^^^^^^^^^^
  File "/Users/bangcle/Library/Python/3.14/lib/python/site-packages/uvicorn/importer.py", line 19, in import_from_string
    module = importlib.import_module(module_str)
  File "/opt/homebrew/Cellar/python@3.14/3.14.7/Frameworks/Python.framework/Versions/3.14/lib/python3.14/importlib/__init__.py", line 88, in import_module
    return _bootstrap._gcd_import(name[level:], package, level)
           ~~~~~~~~~~~~~~~~~~~~~~^^^^^^^^^^^^^^^^^^^^^^^^^^^^^^
  File "<frozen importlib._bootstrap>", line 1406, in _gcd_import
  File "<frozen importlib._bootstrap>", line 1371, in _find_and_load
  File "<frozen importlib._bootstrap>", line 1342, in _find_and_load_unlocked
  File "<frozen importlib._bootstrap>", line 938, in _load_unlocked
  File "<frozen importlib._bootstrap_external>", line 759, in exec_module
  File "<frozen importlib._bootstrap>", line 491, in _call_with_frames_removed
  File "/Users/bangcle/.openclaw/workspace/L4-proprietary/components/bdms/src/bdms/web/main.py", line 170, in <module>
    from .api import router as api_router  # noqa: E402
    ^^^^^^^^^^^^^^^^^^^^^^^^^^^^^^^^^^^^^
  File "/Users/bangcle/.openclaw/workspace/L4-proprietary/components/bdms/src/bdms/web/api.py", line 173
    """获取某月某 Sheet 的数据（分页 + 搜索）。"""
IndentationError: unexpected indent
Traceback (most recent call last):
  File "<frozen runpy>", line 203, in _run_module_as_main
  File "<frozen runpy>", line 88, in _run_code
  File "/Users/bangcle/Library/Python/3.14/lib/python/site-packages/uvicorn/__main__.py", line 4, in <module>
    uvicorn.main()
    ~~~~~~~~~~~~^^
  File "/Users/bangcle/Library/Python/3.14/lib/python/site-packages/click/core.py", line 1514, in __call__
    return self.main(*args, **kwargs)
           ~~~~~~~~~^^^^^^^^^^^^^^^^^
  File "/Users/bangcle/Library/Python/3.14/lib/python/site-packages/click/core.py", line 1435, in main
    rv = self.invoke(ctx)
  File "/Users/bangcle/Library/Python/3.14/lib/python/site-packages/click/core.py", line 1298, in invoke
    return ctx.invoke(self.callback, **ctx.params)
           ~~~~~~~~~~^^^^^^^^^^^^^^^^^^^^^^^^^^^^^
  File "/Users/bangcle/Library/Python/3.14/lib/python/site-packages/click/core.py", line 853, in invoke
    return callback(*args, **kwargs)
  File "/Users/bangcle/Library/Python/3.14/lib/python/site-packages/uvicorn/main.py", line 441, in main
    run(
    ~~~^
        app,
        ^^^^
    ...<48 lines>...
        reset_contextvars=reset_contextvars,
        ^^^^^^^^^^^^^^^^^^^^^^^^^^^^^^^^^^^^
    )
    ^
  File "/Users/bangcle/Library/Python/3.14/lib/python/site-packages/uvicorn/main.py", line 617, in run
    server.run()
    ~~~~~~~~~~^^
  File "/Users/bangcle/Library/Python/3.14/lib/python/site-packages/uvicorn/server.py", line 75, in run
    return asyncio_run(self.serve(sockets=sockets), loop_factory=self.config.get_loop_factory())
  File "/opt/homebrew/Cellar/python@3.14/3.14.7/Frameworks/Python.framework/Versions/3.14/lib/python3.14/asyncio/runners.py", line 205, in run
    return runner.run(main)
           ~~~~~~~~~~^^^^^^
  File "/opt/homebrew/Cellar/python@3.14/3.14.7/Frameworks/Python.framework/Versions/3.14/lib/python3.14/asyncio/runners.py", line 128, in run
    return self._loop.run_until_complete(task)
           ~~~~~~~~~~~~~~~~~~~~~~~~~~~~~^^^^^^
  File "/opt/homebrew/Cellar/python@3.14/3.14.7/Frameworks/Python.framework/Versions/3.14/lib/python3.14/asyncio/base_events.py", line 720, in run_until_complete
    return future.result()
           ~~~~~~~~~~~~~^^
  File "/Users/bangcle/Library/Python/3.14/lib/python/site-packages/uvicorn/server.py", line 79, in serve
    await self._serve(sockets)
  File "/Users/bangcle/Library/Python/3.14/lib/python/site-packages/uvicorn/server.py", line 86, in _serve
    config.load()
    ~~~~~~~~~~~^^
  File "/Users/bangcle/Library/Python/3.14/lib/python/site-packages/uvicorn/config.py", line 449, in load
    self.loaded_app = import_from_string(self.app)
                      ~~~~~~~~~~~~~~~~~~^^^^^^^^^^
  File "/Users/bangcle/Library/Python/3.14/lib/python/site-packages/uvicorn/importer.py", line 19, in import_from_string
    module = importlib.import_module(module_str)
  File "/opt/homebrew/Cellar/python@3.14/3.14.7/Frameworks/Python.framework/Versions/3.14/lib/python3.14/importlib/__init__.py", line 88, in import_module
    return _bootstrap._gcd_import(name[level:], package, level)
           ~~~~~~~~~~~~~~~~~~~~~~^^^^^^^^^^^^^^^^^^^^^^^^^^^^^^
  File "<frozen importlib._bootstrap>", line 1406, in _gcd_import
  File "<frozen importlib._bootstrap>", line 1371, in _find_and_load
  File "<frozen importlib._bootstrap>", line 1342, in _find_and_load_unlocked
  File "<frozen importlib._bootstrap>", line 938, in _load_unlocked
  File "<frozen importlib._bootstrap_external>", line 759, in exec_module
  File "<frozen importlib._bootstrap>", line 491, in _call_with_frames_removed
  File "/Users/bangcle/.openclaw/workspace/L4-proprietary/components/bdms/src/bdms/web/main.py", line 170, in <module>
    from .api import router as api_router  # noqa: E402
    ^^^^^^^^^^^^^^^^^^^^^^^^^^^^^^^^^^^^^
  File "/Users/bangcle/.openclaw/workspace/L4-proprietary/components/bdms/src/bdms/web/api.py", line 173
    """获取某月某 Sheet 的数据（分页 + 搜索）。"""
IndentationError: unexpected indent
Traceback (most recent call last):
  File "<frozen runpy>", line 203, in _run_module_as_main
  File "<frozen runpy>", line 88, in _run_code
  File "/Users/bangcle/Library/Python/3.14/lib/python/site-packages/uvicorn/__main__.py", line 4, in <module>
    uvicorn.main()
    ~~~~~~~~~~~~^^
  File "/Users/bangcle/Library/Python/3.14/lib/python/site-packages/click/core.py", line 1514, in __call__
    return self.main(*args, **kwargs)
           ~~~~~~~~~^^^^^^^^^^^^^^^^^
  File "/Users/bangcle/Library/Python/3.14/lib/python/site-packages/click/core.py", line 1435, in main
    rv = self.invoke(ctx)
  File "/Users/bangcle/Library/Python/3.14/lib/python/site-packages/click/core.py", line 1298, in invoke
    return ctx.invoke(self.callback, **ctx.params)
           ~~~~~~~~~~^^^^^^^^^^^^^^^^^^^^^^^^^^^^^
  File "/Users/bangcle/Library/Python/3.14/lib/python/site-packages/click/core.py", line 853, in invoke
    return callback(*args, **kwargs)
  File "/Users/bangcle/Library/Python/3.14/lib/python/site-packages/uvicorn/main.py", line 441, in main
    run(
    ~~~^
        app,
        ^^^^
    ...<48 lines>...
        reset_contextvars=reset_contextvars,
        ^^^^^^^^^^^^^^^^^^^^^^^^^^^^^^^^^^^^
    )
    ^
  File "/Users/bangcle/Library/Python/3.14/lib/python/site-packages/uvicorn/main.py", line 617, in run
    server.run()
    ~~~~~~~~~~^^
  File "/Users/bangcle/Library/Python/3.14/lib/python/site-packages/uvicorn/server.py", line 75, in run
    return asyncio_run(self.serve(sockets=sockets), loop_factory=self.config.get_loop_factory())
  File "/opt/homebrew/Cellar/python@3.14/3.14.7/Frameworks/Python.framework/Versions/3.14/lib/python3.14/asyncio/runners.py", line 205, in run
    return runner.run(main)
           ~~~~~~~~~~^^^^^^
  File "/opt/homebrew/Cellar/python@3.14/3.14.7/Frameworks/Python.framework/Versions/3.14/lib/python3.14/asyncio/runners.py", line 128, in run
    return self._loop.run_until_complete(task)
           ~~~~~~~~~~~~~~~~~~~~~~~~~~~~~^^^^^^
  File "/opt/homebrew/Cellar/python@3.14/3.14.7/Frameworks/Python.framework/Versions/3.14/lib/python3.14/asyncio/base_events.py", line 720, in run_until_complete
    return future.result()
           ~~~~~~~~~~~~~^^
  File "/Users/bangcle/Library/Python/3.14/lib/python/site-packages/uvicorn/server.py", line 79, in serve
    await self._serve(sockets)
  File "/Users/bangcle/Library/Python/3.14/lib/python/site-packages/uvicorn/server.py", line 86, in _serve
    config.load()
    ~~~~~~~~~~~^^
  File "/Users/bangcle/Library/Python/3.14/lib/python/site-packages/uvicorn/config.py", line 449, in load
    self.loaded_app = import_from_string(self.app)
                      ~~~~~~~~~~~~~~~~~~^^^^^^^^^^
  File "/Users/bangcle/Library/Python/3.14/lib/python/site-packages/uvicorn/importer.py", line 19, in import_from_string
    module = importlib.import_module(module_str)
  File "/opt/homebrew/Cellar/python@3.14/3.14.7/Frameworks/Python.framework/Versions/3.14/lib/python3.14/importlib/__init__.py", line 88, in import_module
    return _bootstrap._gcd_import(name[level:], package, level)
           ~~~~~~~~~~~~~~~~~~~~~~^^^^^^^^^^^^^^^^^^^^^^^^^^^^^^
  File "<frozen importlib._bootstrap>", line 1406, in _gcd_import
  File "<frozen importlib._bootstrap>", line 1371, in _find_and_load
  File "<frozen importlib._bootstrap>", line 1342, in _find_and_load_unlocked
  File "<frozen importlib._bootstrap>", line 938, in _load_unlocked
  File "<frozen importlib._bootstrap_external>", line 759, in exec_module
  File "<frozen importlib._bootstrap>", line 491, in _call_with_frames_removed
  File "/Users/bangcle/.openclaw/workspace/L4-proprietary/components/bdms/src/bdms/web/main.py", line 170, in <module>
    from .api import router as api_router  # noqa: E402
    ^^^^^^^^^^^^^^^^^^^^^^^^^^^^^^^^^^^^^
  File "/Users/bangcle/.openclaw/workspace/L4-proprietary/components/bdms/src/bdms/web/api.py", line 173
    """获取某月某 Sheet 的数据（分页 + 搜索）。"""
IndentationError: unexpected indent
Traceback (most recent call last):
  File "<frozen runpy>", line 203, in _run_module_as_main
  File "<frozen runpy>", line 88, in _run_code
  File "/Users/bangcle/Library/Python/3.14/lib/python/site-packages/uvicorn/__main__.py", line 4, in <module>
    uvicorn.main()
    ~~~~~~~~~~~~^^
  File "/Users/bangcle/Library/Python/3.14/lib/python/site-packages/click/core.py", line 1514, in __call__
    return self.main(*args, **kwargs)
           ~~~~~~~~~^^^^^^^^^^^^^^^^^
  File "/Users/bangcle/Library/Python/3.14/lib/python/site-packages/click/core.py", line 1435, in main
    rv = self.invoke(ctx)
  File "/Users/bangcle/Library/Python/3.14/lib/python/site-packages/click/core.py", line 1298, in invoke
    return ctx.invoke(self.callback, **ctx.params)
           ~~~~~~~~~~^^^^^^^^^^^^^^^^^^^^^^^^^^^^^
  File "/Users/bangcle/Library/Python/3.14/lib/python/site-packages/click/core.py", line 853, in invoke
    return callback(*args, **kwargs)
  File "/Users/bangcle/Library/Python/3.14/lib/python/site-packages/uvicorn/main.py", line 441, in main
    run(
    ~~~^
        app,
        ^^^^
    ...<48 lines>...
        reset_contextvars=reset_contextvars,
        ^^^^^^^^^^^^^^^^^^^^^^^^^^^^^^^^^^^^
    )
    ^
  File "/Users/bangcle/Library/Python/3.14/lib/python/site-packages/uvicorn/main.py", line 617, in run
    server.run()
    ~~~~~~~~~~^^
  File "/Users/bangcle/Library/Python/3.14/lib/python/site-packages/uvicorn/server.py", line 75, in run
    return asyncio_run(self.serve(sockets=sockets), loop_factory=self.config.get_loop_factory())
  File "/opt/homebrew/Cellar/python@3.14/3.14.7/Frameworks/Python.framework/Versions/3.14/lib/python3.14/asyncio/runners.py", line 205, in run
    return runner.run(main)
           ~~~~~~~~~~^^^^^^
  File "/opt/homebrew/Cellar/python@3.14/3.14.7/Frameworks/Python.framework/Versions/3.14/lib/python3.14/asyncio/runners.py", line 128, in run
    return self._loop.run_until_complete(task)
           ~~~~~~~~~~~~~~~~~~~~~~~~~~~~~^^^^^^
  File "/opt/homebrew/Cellar/python@3.14/3.14.7/Frameworks/Python.framework/Versions/3.14/lib/python3.14/asyncio/base_events.py", line 720, in run_until_complete
    return future.result()
           ~~~~~~~~~~~~~^^
  File "/Users/bangcle/Library/Python/3.14/lib/python/site-packages/uvicorn/server.py", line 79, in serve
    await self._serve(sockets)
  File "/Users/bangcle/Library/Python/3.14/lib/python/site-packages/uvicorn/server.py", line 86, in _serve
    config.load()
    ~~~~~~~~~~~^^
  File "/Users/bangcle/Library/Python/3.14/lib/python/site-packages/uvicorn/config.py", line 449, in load
    self.loaded_app = import_from_string(self.app)
                      ~~~~~~~~~~~~~~~~~~^^^^^^^^^^
  File "/Users/bangcle/Library/Python/3.14/lib/python/site-packages/uvicorn/importer.py", line 19, in import_from_string
    module = importlib.import_module(module_str)
  File "/opt/homebrew/Cellar/python@3.14/3.14.7/Frameworks/Python.framework/Versions/3.14/lib/python3.14/importlib/__init__.py", line 88, in import_module
    return _bootstrap._gcd_import(name[level:], package, level)
           ~~~~~~~~~~~~~~~~~~~~~~^^^^^^^^^^^^^^^^^^^^^^^^^^^^^^
  File "<frozen importlib._bootstrap>", line 1406, in _gcd_import
  File "<frozen importlib._bootstrap>", line 1371, in _find_and_load
  File "<frozen importlib._bootstrap>", line 1342, in _find_and_load_unlocked
  File "<frozen importlib._bootstrap>", line 938, in _load_unlocked
  File "<frozen importlib._bootstrap_external>", line 759, in exec_module
  File "<frozen importlib._bootstrap>", line 491, in _call_with_frames_removed
  File "/Users/bangcle/.openclaw/workspace/L4-proprietary/components/bdms/src/bdms/web/main.py", line 170, in <module>
    from .api import router as api_router  # noqa: E402
    ^^^^^^^^^^^^^^^^^^^^^^^^^^^^^^^^^^^^^
  File "/Users/bangcle/.openclaw/workspace/L4-proprietary/components/bdms/src/bdms/web/api.py", line 173
    """获取某月某 Sheet 的数据（分页 + 搜索）。"""
IndentationError: unexpected indent
INFO:     Started server process [6581]
INFO:     Waiting for application startup.
INFO:     Application startup complete.
INFO:     Uvicorn running on http://127.0.0.1:8800 (Press CTRL+C to quit)
ERROR:    Exception in ASGI application
Traceback (most recent call last):
  File "/Users/bangcle/Library/Python/3.14/lib/python/site-packages/uvicorn/protocols/http/h11_impl.py", line 415, in run_asgi
    result = await app(  # type: ignore[func-returns-value]
             ^^^^^^^^^^^^^^^^^^^^^^^^^^^^^^^^^^^^^^^^^^^^^^
        self.scope, self.receive, self.send
        ^^^^^^^^^^^^^^^^^^^^^^^^^^^^^^^^^^^
    )
    ^
  File "/Users/bangcle/Library/Python/3.14/lib/python/site-packages/uvicorn/middleware/proxy_headers.py", line 56, in __call__
    return await self.app(scope, receive, send)
           ^^^^^^^^^^^^^^^^^^^^^^^^^^^^^^^^^^^^
  File "/Users/bangcle/Library/Python/3.14/lib/python/site-packages/fastapi/applications.py", line 1159, in __call__
    await super().__call__(scope, receive, send)
  File "/Users/bangcle/Library/Python/3.14/lib/python/site-packages/starlette/applications.py", line 90, in __call__
    await self.middleware_stack(scope, receive, send)
  File "/Users/bangcle/Library/Python/3.14/lib/python/site-packages/starlette/middleware/errors.py", line 186, in __call__
    raise exc
  File "/Users/bangcle/Library/Python/3.14/lib/python/site-packages/starlette/middleware/errors.py", line 164, in __call__
    await self.app(scope, receive, _send)
  File "/Users/bangcle/Library/Python/3.14/lib/python/site-packages/starlette/middleware/exceptions.py", line 63, in __call__
    await wrap_app_handling_exceptions(self.app, conn)(scope, receive, send)
  File "/Users/bangcle/Library/Python/3.14/lib/python/site-packages/starlette/_exception_handler.py", line 53, in wrapped_app
    raise exc
  File "/Users/bangcle/Library/Python/3.14/lib/python/site-packages/starlette/_exception_handler.py", line 42, in wrapped_app
    await app(scope, receive, sender)
  File "/Users/bangcle/Library/Python/3.14/lib/python/site-packages/fastapi/middleware/asyncexitstack.py", line 18, in __call__
    await self.app(scope, receive, send)
  File "/Users/bangcle/Library/Python/3.14/lib/python/site-packages/starlette/routing.py", line 660, in __call__
    await self.middleware_stack(scope, receive, send)
  File "/Users/bangcle/Library/Python/3.14/lib/python/site-packages/starlette/routing.py", line 680, in app
    await route.handle(scope, receive, send)
  File "/Users/bangcle/Library/Python/3.14/lib/python/site-packages/starlette/routing.py", line 276, in handle
    await self.app(scope, receive, send)
  File "/Users/bangcle/Library/Python/3.14/lib/python/site-packages/fastapi/routing.py", line 134, in app
    await wrap_app_handling_exceptions(app, request)(scope, receive, send)
  File "/Users/bangcle/Library/Python/3.14/lib/python/site-packages/starlette/_exception_handler.py", line 53, in wrapped_app
    raise exc
  File "/Users/bangcle/Library/Python/3.14/lib/python/site-packages/starlette/_exception_handler.py", line 42, in wrapped_app
    await app(scope, receive, sender)
  File "/Users/bangcle/Library/Python/3.14/lib/python/site-packages/fastapi/routing.py", line 120, in app
    response = await f(request)
               ^^^^^^^^^^^^^^^^
  File "/Users/bangcle/Library/Python/3.14/lib/python/site-packages/fastapi/routing.py", line 674, in app
    raw_response = await run_endpoint_function(
                   ^^^^^^^^^^^^^^^^^^^^^^^^^^^^
    ...<3 lines>...
    )
    ^
  File "/Users/bangcle/Library/Python/3.14/lib/python/site-packages/fastapi/routing.py", line 328, in run_endpoint_function
    return await dependant.call(**values)
           ^^^^^^^^^^^^^^^^^^^^^^^^^^^^^^
  File "/Users/bangcle/.openclaw/workspace/L4-proprietary/components/bdms/src/bdms/web/main.py", line 116, in page_report
    return _render(request, "report.html", {"active_page": "report"})
  File "/Users/bangcle/.openclaw/workspace/L4-proprietary/components/bdms/src/bdms/web/main.py", line 104, in _render
    return templates.TemplateResponse(request, name, ctx)
           ~~~~~~~~~~~~~~~~~~~~~~~~~~^^^^^^^^^^^^^^^^^^^^
  File "/Users/bangcle/Library/Python/3.14/lib/python/site-packages/starlette/templating.py", line 149, in TemplateResponse
    return _TemplateResponse(
        template,
    ...<4 lines>...
        background=background,
    )
  File "/Users/bangcle/Library/Python/3.14/lib/python/site-packages/starlette/templating.py", line 43, in __init__
    content = template.render(context)
  File "/opt/homebrew/lib/python3.14/site-packages/jinja2/environment.py", line 1295, in render
    self.environment.handle_exception()
    ~~~~~~~~~~~~~~~~~~~~~~~~~~~~~~~~~^^
  File "/opt/homebrew/lib/python3.14/site-packages/jinja2/environment.py", line 942, in handle_exception
    raise rewrite_traceback_stack(source=source)
  File "/Users/bangcle/.openclaw/workspace/L4-proprietary/components/bdms/src/bdms/web/templates/report.html", line 5, in top-level template code
    {% set page_title = '交付月报 — BDMS' %}
    ^^^^^^^^^^^^^^^^^^^^^^^^^
  File "/Users/bangcle/.openclaw/workspace/L4-proprietary/components/bdms/src/bdms/web/templates/base.html", line 2, in top-level template code
    {% call base_layout(
  File "/opt/homebrew/lib/python3.14/site-packages/jinja2/runtime.py", line 784, in _invoke
    rv = self._func(*arguments)
  File "/Users/bangcle/.openclaw/workspace/L2-infra/components/web-common/macros/layout.html", line 83, in template
    {{ caller() if caller is defined else '' }}
    ^^^^^^^^^^^^^
  File "/opt/homebrew/lib/python3.14/site-packages/jinja2/runtime.py", line 784, in _invoke
    rv = self._func(*arguments)
  File "/Users/bangcle/.openclaw/workspace/L4-proprietary/components/bdms/src/bdms/web/templates/base.html", line 12, in template
    {% block content %}{% endblock %}
    ^^^^^^^^^^^^^^^^^^^^^
  File "/Users/bangcle/.openclaw/workspace/L4-proprietary/components/bdms/src/bdms/web/templates/report.html", line 14, in block 'content'
    {% call card(title="人机协作审核", id="review-panel") %}
    ^^^^^^^^^^^^^^^^^^^^^^^^
TypeError: macro 'card' takes no keyword argument 'id'
INFO:     Started server process [6605]
INFO:     Waiting for application startup.
INFO:     Application startup complete.
INFO:     Uvicorn running on http://127.0.0.1:8800 (Press CTRL+C to quit)
INFO:     Started server process [6615]
INFO:     Waiting for application startup.
INFO:     Application startup complete.
INFO:     Uvicorn running on http://127.0.0.1:8800 (Press CTRL+C to quit)
INFO:     Started server process [6636]
INFO:     Waiting for application startup.
INFO:     Application startup complete.
INFO:     Uvicorn running on http://127.0.0.1:8800 (Press CTRL+C to quit)
INFO:     Started server process [6682]
INFO:     Waiting for application startup.
INFO:     Application startup complete.
INFO:     Uvicorn running on http://127.0.0.1:8800 (Press CTRL+C to quit)
INFO:     Started server process [6798]
INFO:     Waiting for application startup.
INFO:     Application startup complete.
INFO:     Uvicorn running on http://127.0.0.1:8800 (Press CTRL+C to quit)
INFO:     Started server process [6843]
INFO:     Waiting for application startup.
INFO:     Application startup complete.
INFO:     Uvicorn running on http://127.0.0.1:8800 (Press CTRL+C to quit)
INFO:     Started server process [6894]
INFO:     Waiting for application startup.
INFO:     Application startup complete.
INFO:     Uvicorn running on http://127.0.0.1:8800 (Press CTRL+C to quit)
INFO:     Started server process [6921]
INFO:     Waiting for application startup.
INFO:     Application startup complete.
INFO:     Uvicorn running on http://127.0.0.1:8800 (Press CTRL+C to quit)
INFO:     Started server process [6937]
INFO:     Waiting for application startup.
INFO:     Application startup complete.
INFO:     Uvicorn running on http://127.0.0.1:8800 (Press CTRL+C to quit)
INFO:     Started server process [7001]
INFO:     Waiting for application startup.
INFO:     Application startup complete.
INFO:     Uvicorn running on http://127.0.0.1:8800 (Press CTRL+C to quit)
